Component: ARM Compiler 5.06 update 6 (build 750) Tool: armlink [4d35ed]

==============================================================================

Section Cross References

    system_timetick.o(i.SysTick_Handler) refers to system_timetick.o(.data) for tick_flag
    main.o(i.ATD) refers to dflt_clz.o(x$fpl$dflt) for __aeabi_i2d
    main.o(i.ATD) refers to pow.o(i.__hardfp_pow) for __hardfp_pow
    main.o(i.ATD) refers to dmul.o(x$fpl$dmul) for __aeabi_dmul
    main.o(i.ATD) refers to dflt_clz.o(x$fpl$dfltu) for __aeabi_ui2d
    main.o(i.ATD) refers to daddsub_clz.o(x$fpl$dadd) for __aeabi_dadd
    main.o(i.ATD) refers to dfixu.o(x$fpl$dfixu) for __aeabi_d2uiz
    main.o(i.DAC_Ch1_TriangleConfig) refers to stm32f4xx_dac.o(i.DAC_Init) for DAC_Init
    main.o(i.DAC_Ch1_TriangleConfig) refers to stm32f4xx_dac.o(i.DAC_Cmd) for DAC_Cmd
    main.o(i.DAC_Ch1_TriangleConfig) refers to stm32f4xx_dac.o(i.DAC_SetChannel2Data) for DAC_SetChannel2Data
    main.o(i.DAC_Ch1_WaveConfig) refers to stm32f4xx_rcc.o(i.RCC_AHB1PeriphClockCmd) for RCC_AHB1PeriphClockCmd
    main.o(i.DAC_Ch1_WaveConfig) refers to stm32f4xx_dma.o(i.DMA_DeInit) for DMA_DeInit
    main.o(i.DAC_Ch1_WaveConfig) refers to stm32f4xx_dma.o(i.DMA_Init) for DMA_Init
    main.o(i.DAC_Ch1_WaveConfig) refers to stm32f4xx_dac.o(i.DAC_Cmd) for DAC_Cmd
    main.o(i.DAC_Ch2_TriangleConfig) refers to stm32f4xx_dac.o(i.DAC_Init) for DAC_Init
    main.o(i.DAC_Ch2_TriangleConfig) refers to stm32f4xx_dac.o(i.DAC_Cmd) for DAC_Cmd
    main.o(i.DAC_Ch2_TriangleConfig) refers to stm32f4xx_dac.o(i.DAC_SetChannel2Data) for DAC_SetChannel2Data
    main.o(i.DAC_Ch2_WaveConfig) refers to stm32f4xx_rcc.o(i.RCC_AHB1PeriphClockCmd) for RCC_AHB1PeriphClockCmd
    main.o(i.DAC_Ch2_WaveConfig) refers to stm32f4xx_dma.o(i.DMA_DeInit) for DMA_DeInit
    main.o(i.DAC_Ch2_WaveConfig) refers to stm32f4xx_dma.o(i.DMA_Init) for DMA_Init
    main.o(i.DAC_Ch2_WaveConfig) refers to stm32f4xx_dac.o(i.DAC_Cmd) for DAC_Cmd
    main.o(i.DMA1_Stream2_IRQHandler) refers to stm32f4xx_dma.o(i.DMA_ClearITPendingBit) for DMA_ClearITPendingBit
    main.o(i.DMA1_Stream2_IRQHandler) refers to stm32f4xx_dma.o(i.DMA_Cmd) for DMA_Cmd
    main.o(i.DMA1_Stream2_IRQHandler) refers to stm32f4xx_gpio.o(i.GPIO_ToggleBits) for GPIO_ToggleBits
    main.o(i.DMA1_Stream2_IRQHandler) refers to main.o(i.ATD) for ATD
    main.o(i.DMA1_Stream2_IRQHandler) refers to main.o(i.TIM2_Config) for TIM2_Config
    main.o(i.DMA1_Stream2_IRQHandler) refers to main.o(i.get_sinvalue_Ch1) for get_sinvalue_Ch1
    main.o(i.DMA1_Stream2_IRQHandler) refers to main.o(i.DAC_Ch1_WaveConfig) for DAC_Ch1_WaveConfig
    main.o(i.DMA1_Stream2_IRQHandler) refers to main.o(i.get_wavevalue_Ch2) for get_wavevalue_Ch2
    main.o(i.DMA1_Stream2_IRQHandler) refers to main.o(i.TIM7_Config) for TIM7_Config
    main.o(i.DMA1_Stream2_IRQHandler) refers to main.o(i.DAC_Ch2_WaveConfig) for DAC_Ch2_WaveConfig
    main.o(i.DMA1_Stream2_IRQHandler) refers to main.o(i.get_svvalue_Ch1) for get_svvalue_Ch1
    main.o(i.DMA1_Stream2_IRQHandler) refers to main.o(i.get_srcvalue_Ch1) for get_srcvalue_Ch1
    main.o(i.DMA1_Stream2_IRQHandler) refers to main.o(i.DAC_Ch1_TriangleConfig) for DAC_Ch1_TriangleConfig
    main.o(i.DMA1_Stream2_IRQHandler) refers to stm32f4xx_dac.o(i.DAC_DMACmd) for DAC_DMACmd
    main.o(i.DMA1_Stream2_IRQHandler) refers to stm32f4xx_tim.o(i.TIM_ITConfig) for TIM_ITConfig
    main.o(i.DMA1_Stream2_IRQHandler) refers to stm32f4xx_dac.o(i.DAC_DeInit) for DAC_DeInit
    main.o(i.DMA1_Stream2_IRQHandler) refers to stm32f4xx_tim.o(i.TIM_DeInit) for TIM_DeInit
    main.o(i.DMA1_Stream2_IRQHandler) refers to main.o(.data) for data_Rx
    main.o(i.DMA1_Stream2_IRQHandler) refers to main.o(.bss) for sinvalue_Ch1
    main.o(i.Display1) refers to stm32f4xx_dma.o(i.DMA_Init) for DMA_Init
    main.o(i.Display1) refers to stm32f4xx_dma.o(i.DMA_ClearFlag) for DMA_ClearFlag
    main.o(i.Display1) refers to stm32f4xx_dma.o(i.DMA_Cmd) for DMA_Cmd
    main.o(i.Display1) refers to stm32f4xx_dma.o(i.DMA_GetFlagStatus) for DMA_GetFlagStatus
    main.o(i.Display1) refers to main.o(.bss) for DMA_InitStructure
    main.o(i.TIM2_Config) refers to stm32f4xx_rcc.o(i.RCC_APB1PeriphClockCmd) for RCC_APB1PeriphClockCmd
    main.o(i.TIM2_Config) refers to stm32f4xx_tim.o(i.TIM_TimeBaseStructInit) for TIM_TimeBaseStructInit
    main.o(i.TIM2_Config) refers to stm32f4xx_tim.o(i.TIM_TimeBaseInit) for TIM_TimeBaseInit
    main.o(i.TIM2_Config) refers to stm32f4xx_tim.o(i.TIM_SelectOutputTrigger) for TIM_SelectOutputTrigger
    main.o(i.TIM2_Config) refers to stm32f4xx_tim.o(i.TIM_Cmd) for TIM_Cmd
    main.o(i.TIM2_Config) refers to misc.o(i.NVIC_Init) for NVIC_Init
    main.o(i.TIM2_IRQHandler) refers to stm32f4xx_tim.o(i.TIM_GetITStatus) for TIM_GetITStatus
    main.o(i.TIM2_IRQHandler) refers to main.o(i.IntToStr4) for IntToStr4
    main.o(i.TIM2_IRQHandler) refers to main.o(i.Display1) for Display1
[...]
    ../clib/angel/kernel.s                   0x00000000   Number         0  rtexit.o ABSOLUTE
    ../clib/angel/kernel.s                   0x00000000   Number         0  __rtentry.o ABSOLUTE
    ../clib/angel/kernel.s                   0x00000000   Number         0  __rtentry2.o ABSOLUTE
    ../clib/angel/kernel.s                   0x00000000   Number         0  rtexit2.o ABSOLUTE
    ../clib/angel/kernel.s                   0x00000000   Number         0  __rtentry4.o ABSOLUTE
    ../clib/angel/rt.s                       0x00000000   Number         0  rt_errno_addr.o ABSOLUTE
    ../clib/angel/rt.s                       0x00000000   Number         0  rt_raise.o ABSOLUTE
    ../clib/angel/rt.s                       0x00000000   Number         0  rt_errno_addr_intlibspace.o ABSOLUTE
    ../clib/angel/scatter.s                  0x00000000   Number         0  __scatter.o ABSOLUTE
    ../clib/angel/startup.s                  0x00000000   Number         0  __main.o ABSOLUTE
    ../clib/angel/sys.s                      0x00000000   Number         0  indicate_semi.o ABSOLUTE
    ../clib/angel/sys.s                      0x00000000   Number         0  sys_stackheap_outer.o ABSOLUTE
    ../clib/angel/sys.s                      0x00000000   Number         0  libspace.o ABSOLUTE
    ../clib/angel/sys.s                      0x00000000   Number         0  use_no_semi.o ABSOLUTE
    ../clib/angel/sysapp.c                   0x00000000   Number         0  sys_command.o ABSOLUTE
    ../clib/angel/sysapp.c                   0x00000000   Number         0  sys_exit.o ABSOLUTE
    ../clib/angel/sysapp.c                   0x00000000   Number         0  sys_wrch.o ABSOLUTE
    ../clib/armsys.c                         0x00000000   Number         0  _get_argv_nomalloc.o ABSOLUTE
    ../clib/armsys.c                         0x00000000   Number         0  argv_veneer.o ABSOLUTE
    ../clib/armsys.c                         0x00000000   Number         0  argv_veneer.o ABSOLUTE
    ../clib/armsys.c                         0x00000000   Number         0  no_argv.o ABSOLUTE
    ../clib/fenv.c                           0x00000000   Number         0  _rserrno.o ABSOLUTE
    ../clib/heapalloc.c                      0x00000000   Number         0  hrguard.o ABSOLUTE
    ../clib/heapaux.c                        0x00000000   Number         0  heapauxi.o ABSOLUTE
    ../clib/libinit.s                        0x00000000   Number         0  libinit.o ABSOLUTE
    ../clib/libinit.s                        0x00000000   Number         0  libinit2.o ABSOLUTE
    ../clib/libinit.s                        0x00000000   Number         0  libshutdown2.o ABSOLUTE
    ../clib/libinit.s                        0x00000000   Number         0  libshutdown.o ABSOLUTE
    ../clib/signal.c                         0x00000000   Number         0  defsig_rtmem_formal.o ABSOLUTE
    ../clib/signal.c                         0x00000000   Number         0  defsig_exit.o ABSOLUTE
    ../clib/signal.c                         0x00000000   Number         0  defsig_rtmem_inner.o ABSOLUTE
    ../clib/signal.c                         0x00000000   Number         0  defsig_general.o ABSOLUTE
    ../clib/signal.c                         0x00000000   Number         0  defsig_rtred_inner.o ABSOLUTE
    ../clib/signal.c                         0x00000000   Number         0  defsig_abrt_inner.o ABSOLUTE
    ../clib/signal.c                         0x00000000   Number         0  __raise.o ABSOLUTE
    ../clib/signal.c                         0x00000000   Number         0  defsig_stak_inner.o ABSOLUTE
    ../clib/signal.c                         0x00000000   Number         0  defsig_pvfn_inner.o ABSOLUTE
    ../clib/signal.c                         0x00000000   Number         0  defsig_cppl_inner.o ABSOLUTE
    ../clib/signal.c                         0x00000000   Number         0  defsig_segv_inner.o ABSOLUTE
    ../clib/signal.c                         0x00000000   Number         0  defsig_other.o ABSOLUTE
    ../clib/signal.c                         0x00000000   Number         0  defsig_rtmem_outer.o ABSOLUTE
    ../clib/signal.c                         0x00000000   Number         0  defsig_fpe_inner.o ABSOLUTE
    ../clib/signal.s                         0x00000000   Number         0  defsig.o ABSOLUTE
    ../clib/stdlib.c                         0x00000000   Number         0  exit.o ABSOLUTE
    ../fplib/basic.s                         0x00000000   Number         0  basic.o ABSOLUTE
    ../fplib/daddsub.s                       0x00000000   Number         0  daddsub_clz.o ABSOLUTE
    ../fplib/dcheck1.s                       0x00000000   Number         0  dcheck1.o ABSOLUTE
    ../fplib/dcmpi.s                         0x00000000   Number         0  dcmpi.o ABSOLUTE
    ../fplib/ddiv.s                          0x00000000   Number         0  ddiv.o ABSOLUTE
    ../fplib/dfix.s                          0x00000000   Number         0  dfix.o ABSOLUTE
    ../fplib/dfixu.s                         0x00000000   Number         0  dfixu.o ABSOLUTE
    ../fplib/dflt.s                          0x00000000   Number         0  dflt_clz.o ABSOLUTE
    ../fplib/dleqf.s                         0x00000000   Number         0  dleqf.o ABSOLUTE
    ../fplib/dmul.s                          0x00000000   Number         0  dmul.o ABSOLUTE
    ../fplib/dnaninf.s                       0x00000000   Number         0  dnaninf.o ABSOLUTE
    ../fplib/dretinf.s                       0x00000000   Number         0  dretinf.o ABSOLUTE
    ../fplib/drleqf.s                        0x00000000   Number         0  drleqf.o ABSOLUTE
    ../fplib/dsqrt.s                         0x00000000   Number         0  dsqrt_umaal.o ABSOLUTE
    ../fplib/f2d.s                           0x00000000   Number         0  f2d.o ABSOLUTE
    ../fplib/fnaninf.s                       0x00000000   Number         0  fnaninf.o ABSOLUTE
    ../fplib/fpinit.s                        0x00000000   Number         0  fpinit.o ABSOLUTE
    ../fplib/retnan.s                        0x00000000   Number         0  retnan.o ABSOLUTE
    ../fplib/scalbn.s                        0x00000000   Number         0  scalbn.o ABSOLUTE
    ../fplib/trapv.s                         0x00000000   Number         0  trapv.o ABSOLUTE
    ../fplib/usenofp.s                       0x00000000   Number         0  usenofp.o ABSOLUTE
    ../mathlib/cos_i.c                       0x00000000   Number         0  cos_i.o ABSOLUTE
    ../mathlib/dunder.c                      0x00000000   Number         0  dunder.o ABSOLUTE
    ../mathlib/fabs.c                        0x00000000   Number         0  fabs.o ABSOLUTE
    ../mathlib/fpclassify.c                  0x00000000   Number         0  fpclassify.o ABSOLUTE
    ../mathlib/poly.c                        0x00000000   Number         0  poly.o ABSOLUTE
    ../mathlib/pow.c                         0x00000000   Number         0  pow_x.o ABSOLUTE
    ../mathlib/pow.c                         0x00000000   Number         0  pow.o ABSOLUTE
    ../mathlib/qnan.c                        0x00000000   Number         0  qnan.o ABSOLUTE
    ../mathlib/rred.c                        0x00000000   Number         0  rred.o ABSOLUTE
    ../mathlib/sin.c                         0x00000000   Number         0  sin.o ABSOLUTE
    ../mathlib/sin.c                         0x00000000   Number         0  sin_x.o ABSOLUTE
    ../mathlib/sin_i.c                       0x00000000   Number         0  sin_i.o ABSOLUTE
    ../mathlib/sin_i.c                       0x00000000   Number         0  sin_i_x.o ABSOLUTE
    ../mathlib/sqrt.c                        0x00000000   Number         0  sqrt.o ABSOLUTE
    ../mathlib/sqrt.c                        0x00000000   Number         0  sqrt_x.o ABSOLUTE
    Libraries\CMSIS\Device\ST\STM32F4xx\Source\Templates\arm\startup_stm32f40_41xxx.s 0x00000000   Number         0  startup_stm32f40_41xxx.o ABSOLUTE
    Libraries\STM32F4xx_StdPeriph_Driver\src\misc.c 0x00000000   Number         0  misc.o ABSOLUTE
    Libraries\STM32F4xx_StdPeriph_Driver\src\stm32f4xx_adc.c 0x00000000   Number         0  stm32f4xx_adc.o ABSOLUTE
    Libraries\STM32F4xx_StdPeriph_Driver\src\stm32f4xx_dac.c 0x00000000   Number         0  stm32f4xx_dac.o ABSOLUTE
    Libraries\STM32F4xx_StdPeriph_Driver\src\stm32f4xx_dma.c 0x00000000   Number         0  stm32f4xx_dma.o ABSOLUTE
    Libraries\STM32F4xx_StdPeriph_Driver\src\stm32f4xx_dma2d.c 0x00000000   Number         0  stm32f4xx_dma2d.o ABSOLUTE
    Libraries\STM32F4xx_StdPeriph_Driver\src\stm32f4xx_exti.c 0x00000000   Number         0  stm32f4xx_exti.o ABSOLUTE
    Libraries\STM32F4xx_StdPeriph_Driver\src\stm32f4xx_gpio.c 0x00000000   Number         0  stm32f4xx_gpio.o ABSOLUTE
    Libraries\STM32F4xx_StdPeriph_Driver\src\stm32f4xx_pwr.c 0x00000000   Number         0  stm32f4xx_pwr.o ABSOLUTE
    Libraries\STM32F4xx_StdPeriph_Driver\src\stm32f4xx_qspi.c 0x00000000   Number         0  stm32f4xx_qspi.o ABSOLUTE
    Libraries\STM32F4xx_StdPeriph_Driver\src\stm32f4xx_rcc.c 0x00000000   Number         0  stm32f4xx_rcc.o ABSOLUTE
    Libraries\STM32F4xx_StdPeriph_Driver\src\stm32f4xx_tim.c 0x00000000   Number         0  stm32f4xx_tim.o ABSOLUTE
    Libraries\STM32F4xx_StdPeriph_Driver\src\stm32f4xx_usart.c 0x00000000   Number         0  stm32f4xx_usart.o ABSOLUTE
    Libraries\\STM32F4xx_StdPeriph_Driver\\src\\misc.c 0x00000000   Number         0  misc.o ABSOLUTE
    Libraries\\STM32F4xx_StdPeriph_Driver\\src\\stm32f4xx_adc.c 0x00000000   Number         0  stm32f4xx_adc.o ABSOLUTE
    Libraries\\STM32F4xx_StdPeriph_Driver\\src\\stm32f4xx_dac.c 0x00000000   Number         0  stm32f4xx_dac.o ABSOLUTE
    Libraries\\STM32F4xx_StdPeriph_Driver\\src\\stm32f4xx_dma.c 0x00000000   Number         0  stm32f4xx_dma.o ABSOLUTE
    Libraries\\STM32F4xx_StdPeriph_Driver\\src\\stm32f4xx_dma2d.c 0x00000000   Number         0  stm32f4xx_dma2d.o ABSOLUTE
    Libraries\\STM32F4xx_StdPeriph_Driver\\src\\stm32f4xx_exti.c 0x00000000   Number         0  stm32f4xx_exti.o ABSOLUTE
    Libraries\\STM32F4xx_StdPeriph_Driver\\src\\stm32f4xx_gpio.c 0x00000000   Number         0  stm32f4xx_gpio.o ABSOLUTE
    Libraries\\STM32F4xx_StdPeriph_Driver\\src\\stm32f4xx_pwr.c 0x00000000   Number         0  stm32f4xx_pwr.o ABSOLUTE
    Libraries\\STM32F4xx_StdPeriph_Driver\\src\\stm32f4xx_qspi.c 0x00000000   Number         0  stm32f4xx_qspi.o ABSOLUTE
    Libraries\\STM32F4xx_StdPeriph_Driver\\src\\stm32f4xx_rcc.c 0x00000000   Number         0  stm32f4xx_rcc.o ABSOLUTE
    Libraries\\STM32F4xx_StdPeriph_Driver\\src\\stm32f4xx_tim.c 0x00000000   Number         0  stm32f4xx_tim.o ABSOLUTE
    Libraries\\STM32F4xx_StdPeriph_Driver\\src\\stm32f4xx_usart.c 0x00000000   Number         0  stm32f4xx_usart.o ABSOLUTE
    dc.s                                     0x00000000   Number         0  dc.o ABSOLUTE
    main.c                                   0x00000000   Number         0  main.o ABSOLUTE
    main.c                                   0x00000000   Number         0  main.o ABSOLUTE
    system_stm32f4xx.c                       0x00000000   Number         0  system_stm32f4xx.o ABSOLUTE
    system_stm32f4xx.c                       0x00000000   Number         0  system_stm32f4xx.o ABSOLUTE
    system_timetick.c                        0x00000000   Number         0  system_timetick.o ABSOLUTE
    system_timetick.c                        0x00000000   Number         0  system_timetick.o ABSOLUTE
    RESET                                    0x08000000   Section      392  startup_stm32f40_41xxx.o(RESET)
    !!!main                                  0x08000188   Section        8  __main.o(!!!main)
    !!!scatter                               0x08000190   Section       52  __scatter.o(!!!scatter)
    !!handler_copy                           0x080001c4   Section       26  __scatter_copy.o(!!handler_copy)
    !!handler_zi                             0x080001e0   Section       28  __scatter_zi.o(!!handler_zi)
    .ARM.Collect$$libinit$$00000000          0x080001fc   Section        2  libinit.o(.ARM.Collect$$libinit$$00000000)
    .ARM.Collect$$libinit$$00000001          0x080001fe   Section        4  libinit2.o(.ARM.Collect$$libinit$$00000001)
    .ARM.Collect$$libinit$$00000004          0x08000202   Section        0  libinit2.o(.ARM.Collect$$libinit$$00000004)
    .ARM.Collect$$libinit$$0000000A          0x08000202   Section        0  libinit2.o(.ARM.Collect$$libinit$$0000000A)
    .ARM.Collect$$libinit$$0000000C          0x08000202   Section        0  libinit2.o(.ARM.Collect$$libinit$$0000000C)
    .ARM.Collect$$libinit$$0000000E          0x08000202   Section        0  libinit2.o(.ARM.Collect$$libinit$$0000000E)
    .ARM.Collect$$libinit$$00000011          0x08000202   Section        0  libinit2.o(.ARM.Collect$$libinit$$00000011)
    .ARM.Collect$$libinit$$00000013          0x08000202   Section        0  libinit2.o(.ARM.Collect$$libinit$$00000013)
    .ARM.Collect$$libinit$$00000015          0x08000202   Section        0  libinit2.o(.ARM.Collect$$libinit$$00000015)
    .ARM.Collect$$libinit$$00000017          0x08000202   Section        0  libinit2.o(.ARM.Collect$$libinit$$00000017)
    .ARM.Collect$$libinit$$00000019          0x08000202   Section        0  libinit2.o(.ARM.Collect$$libinit$$00000019)
    .ARM.Collect$$libinit$$0000001B          0x08000202   Section        0  libinit2.o(.ARM.Collect$$libinit$$0000001B)
    .ARM.Collect$$libinit$$0000001D          0x08000202   Section        0  libinit2.o(.ARM.Collect$$libinit$$0000001D)
    .ARM.Collect$$libinit$$0000001F          0x08000202   Section        0  libinit2.o(.ARM.Collect$$libinit$$0000001F)
    .ARM.Collect$$libinit$$00000021          0x08000202   Section        0  libinit2.o(.ARM.Collect$$libinit$$00000021)
    .ARM.Collect$$libinit$$00000023          0x08000202   Section        0  libinit2.o(.ARM.Collect$$libinit$$00000023)
    .ARM.Collect$$libinit$$00000025          0x08000202   Section        0  libinit2.o(.ARM.Collect$$libinit$$00000025)
    .ARM.Collect$$libinit$$0000002C          0x08000202   Section        0  libinit2.o(.ARM.Collect$$libinit$$0000002C)
    .ARM.Collect$$libinit$$0000002E          0x08000202   Section        0  libinit2.o(.ARM.Collect$$libinit$$0000002E)
    .ARM.Collect$$libinit$$00000030          0x08000202   Section        0  libinit2.o(.ARM.Collect$$libinit$$00000030)
    .ARM.Collect$$libinit$$00000032          0x08000202   Section        0  libinit2.o(.ARM.Collect$$libinit$$00000032)
    .ARM.Collect$$libinit$$00000033          0x08000202   Section        2  libinit2.o(.ARM.Collect$$libinit$$00000033)
    .ARM.Collect$$libshutdown$$00000000      0x08000204   Section        2  libshutdown.o(.ARM.Collect$$libshutdown$$00000000)
    .ARM.Collect$$libshutdown$$00000002      0x08000206   Section        0  libshutdown2.o(.ARM.Collect$$libshutdown$$00000002)
    .ARM.Collect$$libshutdown$$00000004      0x08000206   Section        0  libshutdown2.o(.ARM.Collect$$libshutdown$$00000004)
    .ARM.Collect$$libshutdown$$00000007      0x08000206   Section        0  libshutdown2.o(.ARM.Collect$$libshutdown$$00000007)
    .ARM.Collect$$libshutdown$$0000000A      0x08000206   Section        0  libshutdown2.o(.ARM.Collect$$libshutdown$$0000000A)
    .ARM.Collect$$libshutdown$$0000000C      0x08000206   Section        0  libshutdown2.o(.ARM.Collect$$libshutdown$$0000000C)
    .ARM.Collect$$libshutdown$$0000000F      0x08000206   Section        0  libshutdown2.o(.ARM.Collect$$libshutdown$$0000000F)
    .ARM.Collect$$libshutdown$$00000010      0x08000206   Section        2  libshutdown2.o(.ARM.Collect$$libshutdown$$00000010)
    .ARM.Collect$$rtentry$$00000000          0x08000208   Section        0  __rtentry.o(.ARM.Collect$$rtentry$$00000000)
    .ARM.Collect$$rtentry$$00000002          0x08000208   Section        0  __rtentry2.o(.ARM.Collect$$rtentry$$00000002)
    .ARM.Collect$$rtentry$$00000004          0x08000208   Section        6  __rtentry4.o(.ARM.Collect$$rtentry$$00000004)
    .ARM.Collect$$rtentry$$00000009          0x0800020e   Section        0  __rtentry2.o(.ARM.Collect$$rtentry$$00000009)
    .ARM.Collect$$rtentry$$0000000A          0x0800020e   Section        4  __rtentry2.o(.ARM.Collect$$rtentry$$0000000A)
    .ARM.Collect$$rtentry$$0000000C          0x08000212   Section        0  __rtentry2.o(.ARM.Collect$$rtentry$$0000000C)
    .ARM.Collect$$rtentry$$0000000D          0x08000212   Section        8  __rtentry2.o(.ARM.Collect$$rtentry$$0000000D)
    .ARM.Collect$$rtexit$$00000000           0x0800021a   Section        2  rtexit.o(.ARM.Collect$$rtexit$$00000000)
    .ARM.Collect$$rtexit$$00000002           0x0800021c   Section        0  rtexit2.o(.ARM.Collect$$rtexit$$00000002)
    .ARM.Collect$$rtexit$$00000003           0x0800021c   Section        4  rtexit2.o(.ARM.Collect$$rtexit$$00000003)
    .ARM.Collect$$rtexit$$00000004           0x08000220   Section        6  rtexit2.o(.ARM.Collect$$rtexit$$00000004)
    .text                                    0x08000228   Section       64  startup_stm32f40_41xxx.o(.text)
    $v0                                      0x08000228   Number         0  startup_stm32f40_41xxx.o(.text)
    .text                                    0x08000268   Section        0  heapauxi.o(.text)
    .text                                    0x0800026e   Section        0  _rserrno.o(.text)
    .text                                    0x08000284   Section        8  rt_errno_addr_intlibspace.o(.text)
    .text                                    0x0800028c   Section        8  libspace.o(.text)
    .text                                    0x08000294   Section       74  sys_stackheap_outer.o(.text)
    .text                                    0x080002de   Section        0  exit.o(.text)
    .text                                    0x080002f0   Section        0  sys_exit.o(.text)
    .text                                    0x080002fc   Section        2  use_no_semi.o(.text)
    .text                                    0x080002fe   Section        0  indicate_semi.o(.text)
    i.ATD                                    0x08000300   Section        0  main.o(i.ATD)
    i.BusFault_Handler                       0x08000384   Section        0  system_timetick.o(i.BusFault_Handler)
    i.DAC_Ch1_TriangleConfig                 0x08000388   Section        0  main.o(i.DAC_Ch1_TriangleConfig)
    i.DAC_Ch1_WaveConfig                     0x080003b8   Section        0  main.o(i.DAC_Ch1_WaveConfig)
    i.DAC_Ch2_WaveConfig                     0x08000434   Section        0  main.o(i.DAC_Ch2_WaveConfig)
    i.DAC_Cmd                                0x080004b0   Section        0  stm32f4xx_dac.o(i.DAC_Cmd)
    i.DAC_DMACmd                             0x080004d8   Section        0  stm32f4xx_dac.o(i.DAC_DMACmd)
    i.DAC_DeInit                             0x08000504   Section        0  stm32f4xx_dac.o(i.DAC_DeInit)
    i.DAC_Init                               0x0800051c   Section        0  stm32f4xx_dac.o(i.DAC_Init)
    i.DAC_SetChannel2Data                    0x08000550   Section        0  stm32f4xx_dac.o(i.DAC_SetChannel2Data)
    i.DMA1_Stream2_IRQHandler                0x08000570   Section        0  main.o(i.DMA1_Stream2_IRQHandler)
    i.DMA_ClearFlag                          0x080007d0   Section        0  stm32f4xx_dma.o(i.DMA_ClearFlag)
    i.DMA_ClearITPendingBit                  0x08000804   Section        0  stm32f4xx_dma.o(i.DMA_ClearITPendingBit)
    i.DMA_Cmd                                0x08000838   Section        0  stm32f4xx_dma.o(i.DMA_Cmd)
    i.DMA_DeInit                             0x08000850   Section        0  stm32f4xx_dma.o(i.DMA_DeInit)
    i.DMA_GetFlagStatus                      0x080009a8   Section        0  stm32f4xx_dma.o(i.DMA_GetFlagStatus)
    i.DMA_ITConfig                           0x080009ec   Section        0  stm32f4xx_dma.o(i.DMA_ITConfig)
    i.DMA_Init                               0x08000a28   Section        0  stm32f4xx_dma.o(i.DMA_Init)
    i.DebugMon_Handler                       0x08000a80   Section        0  system_timetick.o(i.DebugMon_Handler)
    i.Display1                               0x08000a84   Section        0  main.o(i.Display1)
    i.GPIO_Init                              0x08000ac4   Section        0  stm32f4xx_gpio.o(i.GPIO_Init)
    i.GPIO_PinAFConfig                       0x08000b54   Section        0  stm32f4xx_gpio.o(i.GPIO_PinAFConfig)
    i.GPIO_ToggleBits                        0x08000b9a   Section        0  stm32f4xx_gpio.o(i.GPIO_ToggleBits)
    i.HardFault_Handler                      0x08000ba2   Section        0  system_timetick.o(i.HardFault_Handler)
    i.IntToStr4                              0x08000ba6   Section        0  main.o(i.IntToStr4)
    i.MemManage_Handler                      0x08000bf6   Section        0  system_timetick.o(i.MemManage_Handler)
    i.NMI_Handler                            0x08000bfa   Section        0  system_timetick.o(i.NMI_Handler)
    i.NVIC_Init                              0x08000bfc   Section        0  misc.o(i.NVIC_Init)
    i.PendSV_Handler                         0x08000c74   Section        0  system_timetick.o(i.PendSV_Handler)
    i.RCC_AHB1PeriphClockCmd                 0x08000c78   Section        0  stm32f4xx_rcc.o(i.RCC_AHB1PeriphClockCmd)
    i.RCC_APB1PeriphClockCmd                 0x08000c98   Section        0  stm32f4xx_rcc.o(i.RCC_APB1PeriphClockCmd)
    i.RCC_APB1PeriphResetCmd                 0x08000cb8   Section        0  stm32f4xx_rcc.o(i.RCC_APB1PeriphResetCmd)
    i.RCC_APB2PeriphResetCmd                 0x08000cd8   Section        0  stm32f4xx_rcc.o(i.RCC_APB2PeriphResetCmd)
    i.RCC_GetClocksFreq                      0x08000cf8   Section        0  stm32f4xx_rcc.o(i.RCC_GetClocksFreq)
    i.SVC_Handler                            0x08000de0   Section        0  system_timetick.o(i.SVC_Handler)
    i.SetSysClock                            0x08000de4   Section        0  system_stm32f4xx.o(i.SetSysClock)
    SetSysClock                              0x08000de5   Thumb Code   220  system_stm32f4xx.o(i.SetSysClock)
    i.SysTick_Handler                        0x08000ed0   Section        0  system_timetick.o(i.SysTick_Handler)
    i.SystemInit                             0x08000eec   Section        0  system_stm32f4xx.o(i.SystemInit)
    i.TIM2_Config                            0x08000f54   Section        0  main.o(i.TIM2_Config)
    i.TIM2_IRQHandler                        0x08000fc4   Section        0  main.o(i.TIM2_IRQHandler)
    i.TIM7_Config                            0x08000ff8   Section        0  main.o(i.TIM7_Config)
    i.TIM_ClearITPendingBit                  0x08001050   Section        0  stm32f4xx_tim.o(i.TIM_ClearITPendingBit)
    i.TIM_Cmd                                0x08001056   Section        0  stm32f4xx_tim.o(i.TIM_Cmd)
    i.TIM_DeInit                             0x08001070   Section        0  stm32f4xx_tim.o(i.TIM_DeInit)
    i.TIM_GetITStatus                        0x08001200   Section        0  stm32f4xx_tim.o(i.TIM_GetITStatus)
    i.TIM_ITConfig                           0x08001222   Section        0  stm32f4xx_tim.o(i.TIM_ITConfig)
    i.TIM_SelectOutputTrigger                0x08001234   Section        0  stm32f4xx_tim.o(i.TIM_SelectOutputTrigger)
    i.TIM_TimeBaseInit                       0x08001248   Section        0  stm32f4xx_tim.o(i.TIM_TimeBaseInit)
    i.TIM_TimeBaseStructInit                 0x080012cc   Section        0  stm32f4xx_tim.o(i.TIM_TimeBaseStructInit)
    i.Test_led                               0x080012e0   Section        0  main.o(i.Test_led)
    i.UART_Common_Config                     0x0800130c   Section        0  main.o(i.UART_Common_Config)
    i.UART_Rx_Config                         0x080013f0   Section        0  main.o(i.UART_Rx_Config)
    i.USART_Cmd                              0x08001518   Section        0  stm32f4xx_usart.o(i.USART_Cmd)
    i.USART_DMACmd                           0x08001530   Section        0  stm32f4xx_usart.o(i.USART_DMACmd)
    i.USART_Init                             0x08001544   Section        0  stm32f4xx_usart.o(i.USART_Init)
    i.UsageFault_Handler                     0x08001618   Section        0  system_timetick.o(i.UsageFault_Handler)
    i.__ARM_fpclassify                       0x0800161c   Section        0  fpclassify.o(i.__ARM_fpclassify)
    i.__hardfp_pow                           0x08001650   Section        0  pow.o(i.__hardfp_pow)
    i.__hardfp_sin                           0x080022a0   Section        0  sin.o(i.__hardfp_sin)
    i.__ieee754_rem_pio2                     0x08002368   Section        0  rred.o(i.__ieee754_rem_pio2)
    i.__kernel_cos                           0x080027a0   Section        0  cos_i.o(i.__kernel_cos)
    i.__kernel_poly                          0x08002910   Section        0  poly.o(i.__kernel_poly)
    i.__kernel_sin                           0x08002a08   Section        0  sin_i.o(i.__kernel_sin)
    i.__mathlib_dbl_divzero                  0x08002b38   Section        0  dunder.o(i.__mathlib_dbl_divzero)
    i.__mathlib_dbl_infnan                   0x08002b68   Section        0  dunder.o(i.__mathlib_dbl_infnan)
    i.__mathlib_dbl_infnan2                  0x08002b7c   Section        0  dunder.o(i.__mathlib_dbl_infnan2)
    i.__mathlib_dbl_invalid                  0x08002b90   Section        0  dunder.o(i.__mathlib_dbl_invalid)
    i.__mathlib_dbl_overflow                 0x08002bb0   Section        0  dunder.o(i.__mathlib_dbl_overflow)
    i.__mathlib_dbl_underflow                0x08002bd0   Section        0  dunder.o(i.__mathlib_dbl_underflow)
    i.fabs                                   0x08002bf0   Section        0  fabs.o(i.fabs)
    i.get_sinvalue_Ch1                       0x08002c08   Section        0  main.o(i.get_sinvalue_Ch1)
    i.get_srcvalue_Ch1                       0x08002cd8   Section        0  main.o(i.get_srcvalue_Ch1)
    i.get_svvalue_Ch1                        0x08002d48   Section        0  main.o(i.get_svvalue_Ch1)
    i.get_wavevalue_Ch2                      0x08002db4   Section        0  main.o(i.get_wavevalue_Ch2)
    i.main                                   0x08002de8   Section        0  main.o(i.main)
    i.sqrt                                   0x08002e28   Section        0  sqrt.o(i.sqrt)
    x$fpl$basic                              0x08002e96   Section       24  basic.o(x$fpl$basic)
    $v0                                      0x08002e96   Number         0  basic.o(x$fpl$basic)
    x$fpl$dadd                               0x08002eb0   Section      336  daddsub_clz.o(x$fpl$dadd)
    $v0                                      0x08002eb0   Number         0  daddsub_clz.o(x$fpl$dadd)
    _dadd1                                   0x08002ec1   Thumb Code     0  daddsub_clz.o(x$fpl$dadd)
    x$fpl$dcheck1                            0x08003000   Section       16  dcheck1.o(x$fpl$dcheck1)
    $v0                                      0x08003000   Number         0  dcheck1.o(x$fpl$dcheck1)
    x$fpl$dcmpinf                            0x08003010   Section       24  dcmpi.o(x$fpl$dcmpinf)
    $v0                                      0x08003010   Number         0  dcmpi.o(x$fpl$dcmpinf)
    x$fpl$ddiv                               0x08003028   Section      688  ddiv.o(x$fpl$ddiv)
    $v0                                      0x08003028   Number         0  ddiv.o(x$fpl$ddiv)
    ddiv_entry                               0x0800302f   Thumb Code     0  ddiv.o(x$fpl$ddiv)
    x$fpl$dfix                               0x080032d8   Section       94  dfix.o(x$fpl$dfix)
    $v0                                      0x080032d8   Number         0  dfix.o(x$fpl$dfix)
    x$fpl$dfixu                              0x08003338   Section       90  dfixu.o(x$fpl$dfixu)
    $v0                                      0x08003338   Number         0  dfixu.o(x$fpl$dfixu)
    x$fpl$dflt                               0x08003392   Section       46  dflt_clz.o(x$fpl$dflt)
    $v0                                      0x08003392   Number         0  dflt_clz.o(x$fpl$dflt)
    x$fpl$dfltu                              0x080033c0   Section       38  dflt_clz.o(x$fpl$dfltu)
    $v0                                      0x080033c0   Number         0  dflt_clz.o(x$fpl$dfltu)
    x$fpl$dleqf                              0x080033e8   Section      120  dleqf.o(x$fpl$dleqf)
    $v0                                      0x080033e8   Number         0  dleqf.o(x$fpl$dleqf)
    x$fpl$dmul                               0x08003460   Section      340  dmul.o(x$fpl$dmul)
    $v0                                      0x08003460   Number         0  dmul.o(x$fpl$dmul)
    x$fpl$dnaninf                            0x080035b4   Section      156  dnaninf.o(x$fpl$dnaninf)
    $v0                                      0x080035b4   Number         0  dnaninf.o(x$fpl$dnaninf)
    x$fpl$dretinf                            0x08003650   Section       12  dretinf.o(x$fpl$dretinf)
    $v0                                      0x08003650   Number         0  dretinf.o(x$fpl$dretinf)
    x$fpl$drleqf                             0x0800365c   Section      108  drleqf.o(x$fpl$drleqf)
    $v0                                      0x0800365c   Number         0  drleqf.o(x$fpl$drleqf)
    x$fpl$drsb                               0x080036c8   Section       22  daddsub_clz.o(x$fpl$drsb)
    $v0                                      0x080036c8   Number         0  daddsub_clz.o(x$fpl$drsb)
    x$fpl$dsqrt                              0x080036e0   Section      408  dsqrt_umaal.o(x$fpl$dsqrt)
    $v0                                      0x080036e0   Number         0  dsqrt_umaal.o(x$fpl$dsqrt)
    x$fpl$dsub                               0x08003878   Section      468  daddsub_clz.o(x$fpl$dsub)
    $v0                                      0x08003878   Number         0  daddsub_clz.o(x$fpl$dsub)
    _dsub1                                   0x08003889   Thumb Code     0  daddsub_clz.o(x$fpl$dsub)
    x$fpl$f2d                                0x08003a4c   Section       86  f2d.o(x$fpl$f2d)
    $v0                                      0x08003a4c   Number         0  f2d.o(x$fpl$f2d)
    x$fpl$fnaninf                            0x08003aa2   Section      140  fnaninf.o(x$fpl$fnaninf)
    $v0                                      0x08003aa2   Number         0  fnaninf.o(x$fpl$fnaninf)
    x$fpl$fpinit                             0x08003b2e   Section       10  fpinit.o(x$fpl$fpinit)
    $v0                                      0x08003b2e   Number         0  fpinit.o(x$fpl$fpinit)
    x$fpl$retnan                             0x08003b38   Section      100  retnan.o(x$fpl$retnan)
    $v0                                      0x08003b38   Number         0  retnan.o(x$fpl$retnan)
    x$fpl$scalbn                             0x08003b9c   Section       92  scalbn.o(x$fpl$scalbn)
    $v0                                      0x08003b9c   Number         0  scalbn.o(x$fpl$scalbn)
    x$fpl$trapveneer                         0x08003bf8   Section       48  trapv.o(x$fpl$trapveneer)
    $v0                                      0x08003bf8   Number         0  trapv.o(x$fpl$trapveneer)
    .constdata                               0x08003c28   Section      136  pow.o(.constdata)
    x$fpl$usenofp                            0x08003c28   Section        0  usenofp.o(x$fpl$usenofp)
    bp                                       0x08003c28   Data          16  pow.o(.constdata)
    dp_h                                     0x08003c38   Data          16  pow.o(.constdata)
    dp_l                                     0x08003c48   Data          16  pow.o(.constdata)
    L                                        0x08003c58   Data          48  pow.o(.constdata)
    P                                        0x08003c88   Data          40  pow.o(.constdata)
    .constdata                               0x08003cb0   Section       48  cos_i.o(.constdata)
    C                                        0x08003cb0   Data          48  cos_i.o(.constdata)
    .constdata                               0x08003ce0   Section        8  qnan.o(.constdata)
    .constdata                               0x08003ce8   Section      200  rred.o(.constdata)
    pio2s                                    0x08003ce8   Data          48  rred.o(.constdata)
    twooverpi                                0x08003d18   Data         152  rred.o(.constdata)
    .constdata                               0x08003db0   Section       40  sin_i.o(.constdata)
    S                                        0x08003db0   Data          40  sin_i.o(.constdata)
    .data                                    0x20000000   Section        8  system_timetick.o(.data)
    .data                                    0x20000008   Section       32  main.o(.data)
    .data                                    0x20000028   Section       16  stm32f4xx_rcc.o(.data)
    APBAHBPrescTable                         0x20000028   Data          16  stm32f4xx_rcc.o(.data)
    .bss                                     0x20000038   Section     1260  main.o(.bss)
    .bss                                     0x20000524   Section       96  libspace.o(.bss)
    HEAP                                     0x20000588   Section      512  startup_stm32f40_41xxx.o(HEAP)
    Heap_Mem                                 0x20000588   Data         512  startup_stm32f40_41xxx.o(HEAP)
    STACK                                    0x20000788   Section     1024  startup_stm32f40_41xxx.o(STACK)
    Stack_Mem                                0x20000788   Data        1024  startup_stm32f40_41xxx.o(STACK)
    __initial_sp                             0x20000b88   Data           0  startup_stm32f40_41xxx.o(STACK)

    Global Symbols

    Symbol Name                              Value     Ov Type        Size  Object(Section)

    BuildAttributes$$THM_ISAv4$E$P$D$K$B$S$7EM$VFPi3$EXTD16$VFPS$VFMA$PE$A:L22UL41UL21$X:L11$S22US41US21$IEEE1$IW$USESV6$~STKCKD$USESV7$~SHL$OTIME$ROPI$IEEEX$EBA8$UX$STANDARDLIB$REQ8$PRES8$EABIv2 0x00000000   Number         0  anon$$obj.o ABSOLUTE
    __ARM_use_no_argv                        0x00000000   Number         0  main.o ABSOLUTE
    __ARM_exceptions_init                     - Undefined Weak Reference
    __alloca_initialize                       - Undefined Weak Reference
    __arm_preinit_                            - Undefined Weak Reference
    __cpp_initialize__aeabi_                  - Undefined Weak Reference
    __cxa_finalize                            - Undefined Weak Reference
    __rt_locale                               - Undefined Weak Reference
    __sigvec_lookup                           - Undefined Weak Reference
    _atexit_init                              - Undefined Weak Reference
    _call_atexit_fns                          - Undefined Weak Reference
    _clock_init                               - Undefined Weak Reference
    _fp_trap_init                             - Undefined Weak Reference
    _fp_trap_shutdown                         - Undefined Weak Reference
    _get_lc_collate                           - Undefined Weak Reference
    _get_lc_ctype                             - Undefined Weak Reference
    _get_lc_monetary                          - Undefined Weak Reference
    _get_lc_numeric                           - Undefined Weak Reference
    _get_lc_time                              - Undefined Weak Reference
    _getenv_init                              - Undefined Weak Reference
    _handle_redirection                       - Undefined Weak Reference
    _init_alloc                               - Undefined Weak Reference
    _init_user_alloc                          - Undefined Weak Reference
    _initio                                   - Undefined Weak Reference
    _rand_init                                - Undefined Weak Reference
    _signal_finish                            - Undefined Weak Reference
    _signal_init                              - Undefined Weak Reference
    _terminate_alloc                          - Undefined Weak Reference
    _terminate_user_alloc                     - Undefined Weak Reference
    _terminateio                              - Undefined Weak Reference
    __Vectors_Size                           0x00000188   Number         0  startup_stm32f40_41xxx.o ABSOLUTE
    __Vectors                                0x08000000   Data           4  startup_stm32f40_41xxx.o(RESET)
    __Vectors_End                            0x08000188   Data           0  startup_stm32f40_41xxx.o(RESET)
    __main                                   0x08000189   Thumb Code     8  __main.o(!!!main)
    __scatterload                            0x08000191   Thumb Code     0  __scatter.o(!!!scatter)
    __scatterload_rt2                        0x08000191   Thumb Code    44  __scatter.o(!!!scatter)
    __scatterload_rt2_thumb_only             0x08000191   Thumb Code     0  __scatter.o(!!!scatter)
    __scatterload_null                       0x0800019f   Thumb Code     0  __scatter.o(!!!scatter)
    __scatterload_copy                       0x080001c5   Thumb Code    26  __scatter_copy.o(!!handler_copy)
    __scatterload_zeroinit                   0x080001e1   Thumb Code    28  __scatter_zi.o(!!handler_zi)
    __rt_lib_init                            0x080001fd   Thumb Code     0  libinit.o(.ARM.Collect$$libinit$$00000000)
    __rt_lib_init_fp_1                       0x080001ff   Thumb Code     0  libinit2.o(.ARM.Collect$$libinit$$00000001)
    __rt_lib_init_alloca_1                   0x08000203   Thumb Code     0  libinit2.o(.ARM.Collect$$libinit$$0000002E)
    __rt_lib_init_argv_1                     0x08000203   Thumb Code     0  libinit2.o(.ARM.Collect$$libinit$$0000002C)
    __rt_lib_init_atexit_1                   0x08000203   Thumb Code     0  libinit2.o(.ARM.Collect$$libinit$$0000001B)
    __rt_lib_init_clock_1                    0x08000203   Thumb Code     0  libinit2.o(.ARM.Collect$$libinit$$00000021)
    __rt_lib_init_cpp_1                      0x08000203   Thumb Code     0  libinit2.o(.ARM.Collect$$libinit$$00000032)
    __rt_lib_init_exceptions_1               0x08000203   Thumb Code     0  libinit2.o(.ARM.Collect$$libinit$$00000030)
    __rt_lib_init_fp_trap_1                  0x08000203   Thumb Code     0  libinit2.o(.ARM.Collect$$libinit$$0000001F)
    __rt_lib_init_getenv_1                   0x08000203   Thumb Code     0  libinit2.o(.ARM.Collect$$libinit$$00000023)
    __rt_lib_init_heap_1                     0x08000203   Thumb Code     0  libinit2.o(.ARM.Collect$$libinit$$0000000A)
    __rt_lib_init_lc_collate_1               0x08000203   Thumb Code     0  libinit2.o(.ARM.Collect$$libinit$$00000011)
    __rt_lib_init_lc_ctype_1                 0x08000203   Thumb Code     0  libinit2.o(.ARM.Collect$$libinit$$00000013)
    __rt_lib_init_lc_monetary_1              0x08000203   Thumb Code     0  libinit2.o(.ARM.Collect$$libinit$$00000015)
    __rt_lib_init_lc_numeric_1               0x08000203   Thumb Code     0  libinit2.o(.ARM.Collect$$libinit$$00000017)
    __rt_lib_init_lc_time_1                  0x08000203   Thumb Code     0  libinit2.o(.ARM.Collect$$libinit$$00000019)
    __rt_lib_init_preinit_1                  0x08000203   Thumb Code     0  libinit2.o(.ARM.Collect$$libinit$$00000004)
    __rt_lib_init_rand_1                     0x08000203   Thumb Code     0  libinit2.o(.ARM.Collect$$libinit$$0000000E)
    __rt_lib_init_return                     0x08000203   Thumb Code     0  libinit2.o(.ARM.Collect$$libinit$$00000033)
    __rt_lib_init_signal_1                   0x08000203   Thumb Code     0  libinit2.o(.ARM.Collect$$libinit$$0000001D)
    __rt_lib_init_stdio_1                    0x08000203   Thumb Code     0  libinit2.o(.ARM.Collect$$libinit$$00000025)
    __rt_lib_init_user_alloc_1               0x08000203   Thumb Code     0  libinit2.o(.ARM.Collect$$libinit$$0000000C)
    __rt_lib_shutdown                        0x08000205   Thumb Code     0  libshutdown.o(.ARM.Collect$$libshutdown$$00000000)
    __rt_lib_shutdown_cpp_1                  0x08000207   Thumb Code     0  libshutdown2.o(.ARM.Collect$$libshutdown$$00000002)
    __rt_lib_shutdown_fp_trap_1              0x08000207   Thumb Code     0  libshutdown2.o(.ARM.Collect$$libshutdown$$00000007)
    __rt_lib_shutdown_heap_1                 0x08000207   Thumb Code     0  libshutdown2.o(.ARM.Collect$$libshutdown$$0000000F)
    __rt_lib_shutdown_return                 0x08000207   Thumb Code     0  libshutdown2.o(.ARM.Collect$$libshutdown$$00000010)
    __rt_lib_shutdown_signal_1               0x08000207   Thumb Code     0  libshutdown2.o(.ARM.Collect$$libshutdown$$0000000A)
    __rt_lib_shutdown_stdio_1                0x08000207   Thumb Code     0  libshutdown2.o(.ARM.Collect$$libshutdown$$00000004)
    __rt_lib_shutdown_user_alloc_1           0x08000207   Thumb Code     0  libshutdown2.o(.ARM.Collect$$libshutdown$$0000000C)
    __rt_entry                               0x08000209   Thumb Code     0  __rtentry.o(.ARM.Collect$$rtentry$$00000000)
    __rt_entry_presh_1                       0x08000209   Thumb Code     0  __rtentry2.o(.ARM.Collect$$rtentry$$00000002)
    __rt_entry_sh                            0x08000209   Thumb Code     0  __rtentry4.o(.ARM.Collect$$rtentry$$00000004)
    __rt_entry_li                            0x0800020f   Thumb Code     0  __rtentry2.o(.ARM.Collect$$rtentry$$0000000A)
    __rt_entry_postsh_1                      0x0800020f   Thumb Code     0  __rtentry2.o(.ARM.Collect$$rtentry$$00000009)
    __rt_entry_main                          0x08000213   Thumb Code     0  __rtentry2.o(.ARM.Collect$$rtentry$$0000000D)
    __rt_entry_postli_1                      0x08000213   Thumb Code     0  __rtentry2.o(.ARM.Collect$$rtentry$$0000000C)
    __rt_exit                                0x0800021b   Thumb Code     0  rtexit.o(.ARM.Collect$$rtexit$$00000000)
    __rt_exit_ls                             0x0800021d   Thumb Code     0  rtexit2.o(.ARM.Collect$$rtexit$$00000003)
    __rt_exit_prels_1                        0x0800021d   Thumb Code     0  rtexit2.o(.ARM.Collect$$rtexit$$00000002)
    __rt_exit_exit                           0x08000221   Thumb Code     0  rtexit2.o(.ARM.Collect$$rtexit$$00000004)
    Reset_Handler                            0x08000229   Thumb Code     8  startup_stm32f40_41xxx.o(.text)
    ADC_IRQHandler                           0x08000243   Thumb Code     0  startup_stm32f40_41xxx.o(.text)
    CAN1_RX0_IRQHandler                      0x08000243   Thumb Code     0  startup_stm32f40_41xxx.o(.text)
    CAN1_RX1_IRQHandler                      0x08000243   Thumb Code     0  startup_stm32f40_41xxx.o(.text)
    CAN1_SCE_IRQHandler                      0x08000243   Thumb Code     0  startup_stm32f40_41xxx.o(.text)
    CAN1_TX_IRQHandler                       0x08000243   Thumb Code     0  startup_stm32f40_41xxx.o(.text)
    CAN2_RX0_IRQHandler                      0x08000243   Thumb Code     0  startup_stm32f40_41xxx.o(.text)
    CAN2_RX1_IRQHandler                      0x08000243   Thumb Code     0  startup_stm32f40_41xxx.o(.text)
    CAN2_SCE_IRQHandler                      0x08000243   Thumb Code     0  startup_stm32f40_41xxx.o(.text)
    CAN2_TX_IRQHandler                       0x08000243   Thumb Code     0  startup_stm32f40_41xxx.o(.text)
    CRYP_IRQHandler                          0x08000243   Thumb Code     0  startup_stm32f40_41xxx.o(.text)
    DCMI_IRQHandler                          0x08000243   Thumb Code     0  startup_stm32f40_41xxx.o(.text)
    DMA1_Stream0_IRQHandler                  0x08000243   Thumb Code     0  startup_stm32f40_41xxx.o(.text)
    DMA1_Stream1_IRQHandler                  0x08000243   Thumb Code     0  startup_stm32f40_41xxx.o(.text)
    DMA1_Stream3_IRQHandler                  0x08000243   Thumb Code     0  startup_stm32f40_41xxx.o(.text)
    DMA1_Stream4_IRQHandler                  0x08000243   Thumb Code     0  startup_stm32f40_41xxx.o(.text)
    DMA1_Stream5_IRQHandler                  0x08000243   Thumb Code     0  startup_stm32f40_41xxx.o(.text)
    DMA1_Stream6_IRQHandler                  0x08000243   Thumb Code     0  startup_stm32f40_41xxx.o(.text)
    DMA1_Stream7_IRQHandler                  0x08000243   Thumb Code     0  startup_stm32f40_41xxx.o(.text)
    DMA2_Stream0_IRQHandler                  0x08000243   Thumb Code     0  startup_stm32f40_41xxx.o(.text)
    DMA2_Stream1_IRQHandler                  0x08000243   Thumb Code     0  startup_stm32f40_41xxx.o(.text)
    DMA2_Stream2_IRQHandler                  0x08000243   Thumb Code     0  startup_stm32f40_41xxx.o(.text)
    DMA2_Stream3_IRQHandler                  0x08000243   Thumb Code     0  startup_stm32f40_41xxx.o(.text)
    DMA2_Stream4_IRQHandler                  0x08000243   Thumb Code     0  startup_stm32f40_41xxx.o(.text)
    DMA2_Stream5_IRQHandler                  0x08000243   Thumb Code     0  startup_stm32f40_41xxx.o(.text)
    DMA2_Stream6_IRQHandler                  0x08000243   Thumb Code     0  startup_stm32f40_41xxx.o(.text)
    DMA2_Stream7_IRQHandler                  0x08000243   Thumb Code     0  startup_stm32f40_41xxx.o(.text)
    ETH_IRQHandler                           0x08000243   Thumb Code     0  startup_stm32f40_41xxx.o(.text)
    ETH_WKUP_IRQHandler                      0x08000243   Thumb Code     0  startup_stm32f40_41xxx.o(.text)
    EXTI0_IRQHandler                         0x08000243   Thumb Code     0  startup_stm32f40_41xxx.o(.text)
    EXTI15_10_IRQHandler                     0x08000243   Thumb Code     0  startup_stm32f40_41xxx.o(.text)
    EXTI1_IRQHandler                         0x08000243   Thumb Code     0  startup_stm32f40_41xxx.o(.text)
    EXTI2_IRQHandler                         0x08000243   Thumb Code     0  startup_stm32f40_41xxx.o(.text)
    EXTI3_IRQHandler                         0x08000243   Thumb Code     0  startup_stm32f40_41xxx.o(.text)
    EXTI4_IRQHandler                         0x08000243   Thumb Code     0  startup_stm32f40_41xxx.o(.text)
    EXTI9_5_IRQHandler                       0x08000243   Thumb Code     0  startup_stm32f40_41xxx.o(.text)
    FLASH_IRQHandler                         0x08000243   Thumb Code     0  startup_stm32f40_41xxx.o(.text)
    FPU_IRQHandler                           0x08000243   Thumb Code     0  startup_stm32f40_41xxx.o(.text)
    FSMC_IRQHandler                          0x08000243   Thumb Code     0  startup_stm32f40_41xxx.o(.text)
    HASH_RNG_IRQHandler                      0x08000243   Thumb Code     0  startup_stm32f40_41xxx.o(.text)
    I2C1_ER_IRQHandler                       0x08000243   Thumb Code     0  startup_stm32f40_41xxx.o(.text)
    I2C1_EV_IRQHandler                       0x08000243   Thumb Code     0  startup_stm32f40_41xxx.o(.text)
    I2C2_ER_IRQHandler                       0x08000243   Thumb Code     0  startup_stm32f40_41xxx.o(.text)
    I2C2_EV_IRQHandler                       0x08000243   Thumb Code     0  startup_stm32f40_41xxx.o(.text)
    I2C3_ER_IRQHandler                       0x08000243   Thumb Code     0  startup_stm32f40_41xxx.o(.text)
    I2C3_EV_IRQHandler                       0x08000243   Thumb Code     0  startup_stm32f40_41xxx.o(.text)
    OTG_FS_IRQHandler                        0x08000243   Thumb Code     0  startup_stm32f40_41xxx.o(.text)
    OTG_FS_WKUP_IRQHandler                   0x08000243   Thumb Code     0  startup_stm32f40_41xxx.o(.text)
    OTG_HS_EP1_IN_IRQHandler                 0x08000243   Thumb Code     0  startup_stm32f40_41xxx.o(.text)
    OTG_HS_EP1_OUT_IRQHandler                0x08000243   Thumb Code     0  startup_stm32f40_41xxx.o(.text)
    OTG_HS_IRQHandler                        0x08000243   Thumb Code     0  startup_stm32f40_41xxx.o(.text)
    OTG_HS_WKUP_IRQHandler                   0x08000243   Thumb Code     0  startup_stm32f40_41xxx.o(.text)
    PVD_IRQHandler                           0x08000243   Thumb Code     0  startup_stm32f40_41xxx.o(.text)
    RCC_IRQHandler                           0x08000243   Thumb Code     0  startup_stm32f40_41xxx.o(.text)
    RTC_Alarm_IRQHandler                     0x08000243   Thumb Code     0  startup_stm32f40_41xxx.o(.text)
    RTC_WKUP_IRQHandler                      0x08000243   Thumb Code     0  startup_stm32f40_41xxx.o(.text)
    SDIO_IRQHandler                          0x08000243   Thumb Code     0  startup_stm32f40_41xxx.o(.text)
    SPI1_IRQHandler                          0x08000243   Thumb Code     0  startup_stm32f40_41xxx.o(.text)
    SPI2_IRQHandler                          0x08000243   Thumb Code     0  startup_stm32f40_41xxx.o(.text)
    SPI3_IRQHandler                          0x08000243   Thumb Code     0  startup_stm32f40_41xxx.o(.text)
    TAMP_STAMP_IRQHandler                    0x08000243   Thumb Code     0  startup_stm32f40_41xxx.o(.text)
    TIM1_BRK_TIM9_IRQHandler                 0x08000243   Thumb Code     0  startup_stm32f40_41xxx.o(.text)
    TIM1_CC_IRQHandler                       0x08000243   Thumb Code     0  startup_stm32f40_41xxx.o(.text)
    TIM1_TRG_COM_TIM11_IRQHandler            0x08000243   Thumb Code     0  startup_stm32f40_41xxx.o(.text)
    TIM1_UP_TIM10_IRQHandler                 0x08000243   Thumb Code     0  startup_stm32f40_41xxx.o(.text)
    TIM3_IRQHandler                          0x08000243   Thumb Code     0  startup_stm32f40_41xxx.o(.text)
    TIM4_IRQHandler                          0x08000243   Thumb Code     0  startup_stm32f40_41xxx.o(.text)
    TIM5_IRQHandler                          0x08000243   Thumb Code     0  startup_stm32f40_41xxx.o(.text)
    TIM6_DAC_IRQHandler                      0x08000243   Thumb Code     0  startup_stm32f40_41xxx.o(.text)
    TIM7_IRQHandler                          0x08000243   Thumb Code     0  startup_stm32f40_41xxx.o(.text)
    TIM8_BRK_TIM12_IRQHandler                0x08000243   Thumb Code     0  startup_stm32f40_41xxx.o(.text)
    TIM8_CC_IRQHandler                       0x08000243   Thumb Code     0  startup_stm32f40_41xxx.o(.text)
    TIM8_TRG_COM_TIM14_IRQHandler            0x08000243   Thumb Code     0  startup_stm32f40_41xxx.o(.text)
    TIM8_UP_TIM13_IRQHandler                 0x08000243   Thumb Code     0  startup_stm32f40_41xxx.o(.text)
    UART4_IRQHandler                         0x08000243   Thumb Code     0  startup_stm32f40_41xxx.o(.text)
    UART5_IRQHandler                         0x08000243   Thumb Code     0  startup_stm32f40_41xxx.o(.text)
    USART1_IRQHandler                        0x08000243   Thumb Code     0  startup_stm32f40_41xxx.o(.text)
    USART2_IRQHandler                        0x08000243   Thumb Code     0  startup_stm32f40_41xxx.o(.text)
    USART3_IRQHandler                        0x08000243   Thumb Code     0  startup_stm32f40_41xxx.o(.text)
    USART6_IRQHandler                        0x08000243   Thumb Code     0  startup_stm32f40_41xxx.o(.text)
    WWDG_IRQHandler                          0x08000243   Thumb Code     0  startup_stm32f40_41xxx.o(.text)
    __user_initial_stackheap                 0x08000245   Thumb Code     0  startup_stm32f40_41xxx.o(.text)
    __use_two_region_memory                  0x08000269   Thumb Code     2  heapauxi.o(.text)
    __rt_heap_escrow$2region                 0x0800026b   Thumb Code     2  heapauxi.o(.text)
    __rt_heap_expand$2region                 0x0800026d   Thumb Code     2  heapauxi.o(.text)
    __read_errno                             0x0800026f   Thumb Code    10  _rserrno.o(.text)
    __set_errno                              0x08000279   Thumb Code    12  _rserrno.o(.text)
    __aeabi_errno_addr                       0x08000285   Thumb Code     8  rt_errno_addr_intlibspace.o(.text)
    __errno$intlibspace                      0x08000285   Thumb Code     0  rt_errno_addr_intlibspace.o(.text)
    __rt_errno_addr$intlibspace              0x08000285   Thumb Code     0  rt_errno_addr_intlibspace.o(.text)
    __user_libspace                          0x0800028d   Thumb Code     8  libspace.o(.text)
    __user_perproc_libspace                  0x0800028d   Thumb Code     0  libspace.o(.text)
    __user_perthread_libspace                0x0800028d   Thumb Code     0  libspace.o(.text)
    __user_setup_stackheap                   0x08000295   Thumb Code    74  sys_stackheap_outer.o(.text)
    exit                                     0x080002df   Thumb Code    18  exit.o(.text)
    _sys_exit                                0x080002f1   Thumb Code     8  sys_exit.o(.text)
    __I$use$semihosting                      0x080002fd   Thumb Code     0  use_no_semi.o(.text)
    __use_no_semihosting_swi                 0x080002fd   Thumb Code     2  use_no_semi.o(.text)
    __semihosting_library_function           0x080002ff   Thumb Code     0  indicate_semi.o(.text)
    ATD                                      0x08000301   Thumb Code   124  main.o(i.ATD)
    BusFault_Handler                         0x08000385   Thumb Code     4  system_timetick.o(i.BusFault_Handler)
    DAC_Ch1_TriangleConfig                   0x08000389   Thumb Code    46  main.o(i.DAC_Ch1_TriangleConfig)
    DAC_Ch1_WaveConfig                       0x080003b9   Thumb Code   114  main.o(i.DAC_Ch1_WaveConfig)
    DAC_Ch2_WaveConfig                       0x08000435   Thumb Code   114  main.o(i.DAC_Ch2_WaveConfig)
    DAC_Cmd                                  0x080004b1   Thumb Code    34  stm32f4xx_dac.o(i.DAC_Cmd)
    DAC_DMACmd                               0x080004d9   Thumb Code    38  stm32f4xx_dac.o(i.DAC_DMACmd)
    DAC_DeInit                               0x08000505   Thumb Code    22  stm32f4xx_dac.o(i.DAC_DeInit)
    DAC_Init                                 0x0800051d   Thumb Code    46  stm32f4xx_dac.o(i.DAC_Init)
    DAC_SetChannel2Data                      0x08000551   Thumb Code    26  stm32f4xx_dac.o(i.DAC_SetChannel2Data)
    DMA1_Stream2_IRQHandler                  0x08000571   Thumb Code   554  main.o(i.DMA1_Stream2_IRQHandler)
    DMA_ClearFlag                            0x080007d1   Thumb Code    38  stm32f4xx_dma.o(i.DMA_ClearFlag)
    DMA_ClearITPendingBit                    0x08000805   Thumb Code    38  stm32f4xx_dma.o(i.DMA_ClearITPendingBit)
    DMA_Cmd                                  0x08000839   Thumb Code    22  stm32f4xx_dma.o(i.DMA_Cmd)
    DMA_DeInit                               0x08000851   Thumb Code   324  stm32f4xx_dma.o(i.DMA_DeInit)
    DMA_GetFlagStatus                        0x080009a9   Thumb Code    54  stm32f4xx_dma.o(i.DMA_GetFlagStatus)
    DMA_ITConfig                             0x080009ed   Thumb Code    58  stm32f4xx_dma.o(i.DMA_ITConfig)
    DMA_Init                                 0x08000a29   Thumb Code    82  stm32f4xx_dma.o(i.DMA_Init)
    DebugMon_Handler                         0x08000a81   Thumb Code     2  system_timetick.o(i.DebugMon_Handler)
    Display1                                 0x08000a85   Thumb Code    52  main.o(i.Display1)
    GPIO_Init                                0x08000ac5   Thumb Code   144  stm32f4xx_gpio.o(i.GPIO_Init)
    GPIO_PinAFConfig                         0x08000b55   Thumb Code    70  stm32f4xx_gpio.o(i.GPIO_PinAFConfig)
    GPIO_ToggleBits                          0x08000b9b   Thumb Code     8  stm32f4xx_gpio.o(i.GPIO_ToggleBits)
    HardFault_Handler                        0x08000ba3   Thumb Code     4  system_timetick.o(i.HardFault_Handler)
    IntToStr4                                0x08000ba7   Thumb Code    80  main.o(i.IntToStr4)
    MemManage_Handler                        0x08000bf7   Thumb Code     4  system_timetick.o(i.MemManage_Handler)
    NMI_Handler                              0x08000bfb   Thumb Code     2  system_timetick.o(i.NMI_Handler)
    NVIC_Init                                0x08000bfd   Thumb Code   106  misc.o(i.NVIC_Init)
    PendSV_Handler                           0x08000c75   Thumb Code     2  system_timetick.o(i.PendSV_Handler)
    RCC_AHB1PeriphClockCmd                   0x08000c79   Thumb Code    26  stm32f4xx_rcc.o(i.RCC_AHB1PeriphClockCmd)
    RCC_APB1PeriphClockCmd                   0x08000c99   Thumb Code    26  stm32f4xx_rcc.o(i.RCC_APB1PeriphClockCmd)
    RCC_APB1PeriphResetCmd                   0x08000cb9   Thumb Code    26  stm32f4xx_rcc.o(i.RCC_APB1PeriphResetCmd)
    RCC_APB2PeriphResetCmd                   0x08000cd9   Thumb Code    26  stm32f4xx_rcc.o(i.RCC_APB2PeriphResetCmd)
    RCC_GetClocksFreq                        0x08000cf9   Thumb Code   214  stm32f4xx_rcc.o(i.RCC_GetClocksFreq)
    SVC_Handler                              0x08000de1   Thumb Code     2  system_timetick.o(i.SVC_Handler)
    SysTick_Handler                          0x08000ed1   Thumb Code    18  system_timetick.o(i.SysTick_Handler)
    SystemInit                               0x08000eed   Thumb Code    88  system_stm32f4xx.o(i.SystemInit)
    TIM2_Config                              0x08000f55   Thumb Code   108  main.o(i.TIM2_Config)
    TIM2_IRQHandler                          0x08000fc5   Thumb Code    48  main.o(i.TIM2_IRQHandler)
    TIM7_Config                              0x08000ff9   Thumb Code    78  main.o(i.TIM7_Config)
    TIM_ClearITPendingBit                    0x08001051   Thumb Code     6  stm32f4xx_tim.o(i.TIM_ClearITPendingBit)
    TIM_Cmd                                  0x08001057   Thumb Code    24  stm32f4xx_tim.o(i.TIM_Cmd)
    TIM_DeInit                               0x08001071   Thumb Code   346  stm32f4xx_tim.o(i.TIM_DeInit)
    TIM_GetITStatus                          0x08001201   Thumb Code    34  stm32f4xx_tim.o(i.TIM_GetITStatus)
    TIM_ITConfig                             0x08001223   Thumb Code    18  stm32f4xx_tim.o(i.TIM_ITConfig)
    TIM_SelectOutputTrigger                  0x08001235   Thumb Code    18  stm32f4xx_tim.o(i.TIM_SelectOutputTrigger)
    TIM_TimeBaseInit                         0x08001249   Thumb Code   104  stm32f4xx_tim.o(i.TIM_TimeBaseInit)
    TIM_TimeBaseStructInit                   0x080012cd   Thumb Code    18  stm32f4xx_tim.o(i.TIM_TimeBaseStructInit)
    Test_led                                 0x080012e1   Thumb Code    38  main.o(i.Test_led)
    UART_Common_Config                       0x0800130d   Thumb Code   216  main.o(i.UART_Common_Config)
    UART_Rx_Config                           0x080013f1   Thumb Code   278  main.o(i.UART_Rx_Config)
    USART_Cmd                                0x08001519   Thumb Code    24  stm32f4xx_usart.o(i.USART_Cmd)
    USART_DMACmd                             0x08001531   Thumb Code    18  stm32f4xx_usart.o(i.USART_DMACmd)
    USART_Init                               0x08001545   Thumb Code   204  stm32f4xx_usart.o(i.USART_Init)
    UsageFault_Handler                       0x08001619   Thumb Code     4  system_timetick.o(i.UsageFault_Handler)
    __ARM_fpclassify                         0x0800161d   Thumb Code    48  fpclassify.o(i.__ARM_fpclassify)
    __hardfp_pow                             0x08001651   Thumb Code  3072  pow.o(i.__hardfp_pow)
    __hardfp_sin                             0x080022a1   Thumb Code   180  sin.o(i.__hardfp_sin)
    __ieee754_rem_pio2                       0x08002369   Thumb Code   938  rred.o(i.__ieee754_rem_pio2)
    __kernel_cos                             0x080027a1   Thumb Code   322  cos_i.o(i.__kernel_cos)
    __kernel_poly                            0x08002911   Thumb Code   248  poly.o(i.__kernel_poly)
    __kernel_sin                             0x08002a09   Thumb Code   280  sin_i.o(i.__kernel_sin)
    __mathlib_dbl_divzero                    0x08002b39   Thumb Code    28  dunder.o(i.__mathlib_dbl_divzero)
    __mathlib_dbl_infnan                     0x08002b69   Thumb Code    20  dunder.o(i.__mathlib_dbl_infnan)
    __mathlib_dbl_infnan2                    0x08002b7d   Thumb Code    20  dunder.o(i.__mathlib_dbl_infnan2)
    __mathlib_dbl_invalid                    0x08002b91   Thumb Code    24  dunder.o(i.__mathlib_dbl_invalid)
    __mathlib_dbl_overflow                   0x08002bb1   Thumb Code    24  dunder.o(i.__mathlib_dbl_overflow)
    __mathlib_dbl_underflow                  0x08002bd1   Thumb Code    24  dunder.o(i.__mathlib_dbl_underflow)
    fabs                                     0x08002bf1   Thumb Code    24  fabs.o(i.fabs)
    get_sinvalue_Ch1                         0x08002c09   Thumb Code   168  main.o(i.get_sinvalue_Ch1)
    get_srcvalue_Ch1                         0x08002cd9   Thumb Code    96  main.o(i.get_srcvalue_Ch1)
    get_svvalue_Ch1                          0x08002d49   Thumb Code    92  main.o(i.get_svvalue_Ch1)
    get_wavevalue_Ch2                        0x08002db5   Thumb Code    42  main.o(i.get_wavevalue_Ch2)
    main                                     0x08002de9   Thumb Code    58  main.o(i.main)
    sqrt                                     0x08002e29   Thumb Code   110  sqrt.o(i.sqrt)
    __aeabi_dneg                             0x08002e97   Thumb Code     0  basic.o(x$fpl$basic)
    _dneg                                    0x08002e97   Thumb Code     6  basic.o(x$fpl$basic)
    __aeabi_fneg                             0x08002e9d   Thumb Code     0  basic.o(x$fpl$basic)
    _fneg                                    0x08002e9d   Thumb Code     6  basic.o(x$fpl$basic)
    _dabs                                    0x08002ea3   Thumb Code     6  basic.o(x$fpl$basic)
    _fabs                                    0x08002ea9   Thumb Code     6  basic.o(x$fpl$basic)
    __aeabi_dadd                             0x08002eb1   Thumb Code     0  daddsub_clz.o(x$fpl$dadd)
    _dadd                                    0x08002eb1   Thumb Code   332  daddsub_clz.o(x$fpl$dadd)
    __fpl_dcheck_NaN1                        0x08003001   Thumb Code    10  dcheck1.o(x$fpl$dcheck1)
    __fpl_dcmp_Inf                           0x08003011   Thumb Code    24  dcmpi.o(x$fpl$dcmpinf)
    __aeabi_ddiv                             0x08003029   Thumb Code     0  ddiv.o(x$fpl$ddiv)
    _ddiv                                    0x08003029   Thumb Code   552  ddiv.o(x$fpl$ddiv)
    __aeabi_d2iz                             0x080032d9   Thumb Code     0  dfix.o(x$fpl$dfix)
    _dfix                                    0x080032d9   Thumb Code    94  dfix.o(x$fpl$dfix)
    __aeabi_d2uiz                            0x08003339   Thumb Code     0  dfixu.o(x$fpl$dfixu)
    _dfixu                                   0x08003339   Thumb Code    90  dfixu.o(x$fpl$dfixu)
    __aeabi_i2d                              0x08003393   Thumb Code     0  dflt_clz.o(x$fpl$dflt)
    _dflt                                    0x08003393   Thumb Code    46  dflt_clz.o(x$fpl$dflt)
    __aeabi_ui2d                             0x080033c1   Thumb Code     0  dflt_clz.o(x$fpl$dfltu)
    _dfltu                                   0x080033c1   Thumb Code    38  dflt_clz.o(x$fpl$dfltu)
    __aeabi_cdcmple                          0x080033e9   Thumb Code     0  dleqf.o(x$fpl$dleqf)
    _dcmple                                  0x080033e9   Thumb Code   120  dleqf.o(x$fpl$dleqf)
    __fpl_dcmple_InfNaN                      0x0800344b   Thumb Code     0  dleqf.o(x$fpl$dleqf)
    __aeabi_dmul                             0x08003461   Thumb Code     0  dmul.o(x$fpl$dmul)
    _dmul                                    0x08003461   Thumb Code   332  dmul.o(x$fpl$dmul)
    __fpl_dnaninf                            0x080035b5   Thumb Code   156  dnaninf.o(x$fpl$dnaninf)
    __fpl_dretinf                            0x08003651   Thumb Code    12  dretinf.o(x$fpl$dretinf)
    __aeabi_cdrcmple                         0x0800365d   Thumb Code     0  drleqf.o(x$fpl$drleqf)
    _drcmple                                 0x0800365d   Thumb Code   108  drleqf.o(x$fpl$drleqf)
    __aeabi_drsub                            0x080036c9   Thumb Code     0  daddsub_clz.o(x$fpl$drsb)
    _drsb                                    0x080036c9   Thumb Code    22  daddsub_clz.o(x$fpl$drsb)
    _dsqrt                                   0x080036e1   Thumb Code   404  dsqrt_umaal.o(x$fpl$dsqrt)
    __aeabi_dsub                             0x08003879   Thumb Code     0  daddsub_clz.o(x$fpl$dsub)
    _dsub                                    0x08003879   Thumb Code   464  daddsub_clz.o(x$fpl$dsub)
    __aeabi_f2d                              0x08003a4d   Thumb Code     0  f2d.o(x$fpl$f2d)
    _f2d                                     0x08003a4d   Thumb Code    86  f2d.o(x$fpl$f2d)
    __fpl_fnaninf                            0x08003aa3   Thumb Code   140  fnaninf.o(x$fpl$fnaninf)
    _fp_init                                 0x08003b2f   Thumb Code    10  fpinit.o(x$fpl$fpinit)
    __fplib_config_fpu_vfp                   0x08003b37   Thumb Code     0  fpinit.o(x$fpl$fpinit)
    __fplib_config_pureend_doubles           0x08003b37   Thumb Code     0  fpinit.o(x$fpl$fpinit)
    __fpl_return_NaN                         0x08003b39   Thumb Code   100  retnan.o(x$fpl$retnan)
    __ARM_scalbn                             0x08003b9d   Thumb Code    92  scalbn.o(x$fpl$scalbn)
    __fpl_cmpreturn                          0x08003bf9   Thumb Code    48  trapv.o(x$fpl$trapveneer)
    __I$use$fp                               0x08003c28   Number         0  usenofp.o(x$fpl$usenofp)
    __mathlib_zero                           0x08003ce0   Data           8  qnan.o(.constdata)
    Region$$Table$$Base                      0x08003dd8   Number         0  anon$$obj.o(Region$$Table)
    Region$$Table$$Limit                     0x08003df8   Number         0  anon$$obj.o(Region$$Table)
    tick_count                               0x20000000   Data           4  system_timetick.o(.data)
    tick_flag                                0x20000004   Data           4  system_timetick.o(.data)
    data_Rx                                  0x20000008   Data           8  main.o(.data)
    wavevalue_Ch2                            0x20000010   Data           4  main.o(.data)
    Rx_Hz                                    0x20000014   Data           4  main.o(.data)
    Rx_V                                     0x20000018   Data           2  main.o(.data)
    Hz1                                      0x2000001a   Data           2  main.o(.data)
    V1                                       0x2000001c   Data           4  main.o(.data)
    Hz2                                      0x20000020   Data           2  main.o(.data)
    V2                                       0x20000024   Data           4  main.o(.data)
    sinvalue_Ch1                             0x20000038   Data         200  main.o(.bss)
    sinvalue_Ch2                             0x20000100   Data         200  main.o(.bss)
    srcvalue_Ch1                             0x200001c8   Data         200  main.o(.bss)
    srcvalue_Ch2                             0x20000290   Data         200  main.o(.bss)
    svvalue_Ch1                              0x20000358   Data         200  main.o(.bss)
    svvalue_Ch2                              0x20000420   Data         200  main.o(.bss)
    DMA_InitStructure                        0x200004e8   Data          60  main.o(.bss)
    __libspace_start                         0x20000524   Data          96  libspace.o(.bss)
    __temporary_stack_top$libspace           0x20000584   Data           0  libspace.o(.bss)



==============================================================================

Memory Map of the image

  Image Entry point : 0x08000229

  Load Region LR_1 (Base: 0x08000000, Size: 0x00003e30, Max: 0xffffffff, ABSOLUTE)

    Execution Region ER_RO (Exec base: 0x08000000, Load base: 0x08000000, Size: 0x00003df8, Max: 0xffffffff, ABSOLUTE)

    Exec Addr    Load Addr    Size         Type   Attr      Idx    E Section Name        Object

    0x08000000   0x08000000   0x00000188   Data   RO          359    RESET               startup_stm32f40_41xxx.o
    0x08000188   0x08000188   0x00000008   Code   RO         2489  * !!!main             c_w.l(__main.o)
    0x08000190   0x08000190   0x00000034   Code   RO         2783    !!!scatter          c_w.l(__scatter.o)
    0x080001c4   0x080001c4   0x0000001a   Code   RO         2785    !!handler_copy      c_w.l(__scatter_copy.o)
    0x080001de   0x080001de   0x00000002   PAD
    0x080001e0   0x080001e0   0x0000001c   Code   RO         2787    !!handler_zi        c_w.l(__scatter_zi.o)
    0x080001fc   0x080001fc   0x00000002   Code   RO         2650    .ARM.Collect$$libinit$$00000000  c_w.l(libinit.o)
    0x080001fe   0x080001fe   0x00000004   Code   RO         2657    .ARM.Collect$$libinit$$00000001  c_w.l(libinit2.o)
    0x08000202   0x08000202   0x00000000   Code   RO         2660    .ARM.Collect$$libinit$$00000004  c_w.l(libinit2.o)
    0x08000202   0x08000202   0x00000000   Code   RO         2663    .ARM.Collect$$libinit$$0000000A  c_w.l(libinit2.o)
    0x08000202   0x08000202   0x00000000   Code   RO         2665    .ARM.Collect$$libinit$$0000000C  c_w.l(libinit2.o)
    0x08000202   0x08000202   0x00000000   Code   RO         2667    .ARM.Collect$$libinit$$0000000E  c_w.l(libinit2.o)
    0x08000202   0x08000202   0x00000000   Code   RO         2670    .ARM.Collect$$libinit$$00000011  c_w.l(libinit2.o)
    0x08000202   0x08000202   0x00000000   Code   RO         2672    .ARM.Collect$$libinit$$00000013  c_w.l(libinit2.o)
    0x08000202   0x08000202   0x00000000   Code   RO         2674    .ARM.Collect$$libinit$$00000015  c_w.l(libinit2.o)
    0x08000202   0x08000202   0x00000000   Code   RO         2676    .ARM.Collect$$libinit$$00000017  c_w.l(libinit2.o)
    0x08000202   0x08000202   0x00000000   Code   RO         2678    .ARM.Collect$$libinit$$00000019  c_w.l(libinit2.o)
    0x08000202   0x08000202   0x00000000   Code   RO         2680    .ARM.Collect$$libinit$$0000001B  c_w.l(libinit2.o)
    0x08000202   0x08000202   0x00000000   Code   RO         2682    .ARM.Collect$$libinit$$0000001D  c_w.l(libinit2.o)
    0x08000202   0x08000202   0x00000000   Code   RO         2684    .ARM.Collect$$libinit$$0000001F  c_w.l(libinit2.o)
    0x08000202   0x08000202   0x00000000   Code   RO         2686    .ARM.Collect$$libinit$$00000021  c_w.l(libinit2.o)
    0x08000202   0x08000202   0x00000000   Code   RO         2688    .ARM.Collect$$libinit$$00000023  c_w.l(libinit2.o)
    0x08000202   0x08000202   0x00000000   Code   RO         2690    .ARM.Collect$$libinit$$00000025  c_w.l(libinit2.o)
    0x08000202   0x08000202   0x00000000   Code   RO         2694    .ARM.Collect$$libinit$$0000002C  c_w.l(libinit2.o)
    0x08000202   0x08000202   0x00000000   Code   RO         2696    .ARM.Collect$$libinit$$0000002E  c_w.l(libinit2.o)
    0x08000202   0x08000202   0x00000000   Code   RO         2698    .ARM.Collect$$libinit$$00000030  c_w.l(libinit2.o)
    0x08000202   0x08000202   0x00000000   Code   RO         2700    .ARM.Collect$$libinit$$00000032  c_w.l(libinit2.o)
    0x08000202   0x08000202   0x00000002   Code   RO         2701    .ARM.Collect$$libinit$$00000033  c_w.l(libinit2.o)
    0x08000204   0x08000204   0x00000002   Code   RO         2723    .ARM.Collect$$libshutdown$$00000000  c_w.l(libshutdown.o)
    0x08000206   0x08000206   0x00000000   Code   RO         2736    .ARM.Collect$$libshutdown$$00000002  c_w.l(libshutdown2.o)
    0x08000206   0x08000206   0x00000000   Code   RO         2738    .ARM.Collect$$libshutdown$$00000004  c_w.l(libshutdown2.o)
    0x08000206   0x08000206   0x00000000   Code   RO         2741    .ARM.Collect$$libshutdown$$00000007  c_w.l(libshutdown2.o)
    0x08000206   0x08000206   0x00000000   Code   RO         2744    .ARM.Collect$$libshutdown$$0000000A  c_w.l(libshutdown2.o)
    0x08000206   0x08000206   0x00000000   Code   RO         2746    .ARM.Collect$$libshutdown$$0000000C  c_w.l(libshutdown2.o)
    0x08000206   0x08000206   0x00000000   Code   RO         2749    .ARM.Collect$$libshutdown$$0000000F  c_w.l(libshutdown2.o)
    0x08000206   0x08000206   0x00000002   Code   RO         2750    .ARM.Collect$$libshutdown$$00000010  c_w.l(libshutdown2.o)
    0x08000208   0x08000208   0x00000000   Code   RO         2541    .ARM.Collect$$rtentry$$00000000  c_w.l(__rtentry.o)
    0x08000208   0x08000208   0x00000000   Code   RO         2609    .ARM.Collect$$rtentry$$00000002  c_w.l(__rtentry2.o)
    0x08000208   0x08000208   0x00000006   Code   RO         2621    .ARM.Collect$$rtentry$$00000004  c_w.l(__rtentry4.o)
    0x0800020e   0x0800020e   0x00000000   Code   RO         2611    .ARM.Collect$$rtentry$$00000009  c_w.l(__rtentry2.o)
    0x0800020e   0x0800020e   0x00000004   Code   RO         2612    .ARM.Collect$$rtentry$$0000000A  c_w.l(__rtentry2.o)
    0x08000212   0x08000212   0x00000000   Code   RO         2614    .ARM.Collect$$rtentry$$0000000C  c_w.l(__rtentry2.o)
    0x08000212   0x08000212   0x00000008   Code   RO         2615    .ARM.Collect$$rtentry$$0000000D  c_w.l(__rtentry2.o)
    0x0800021a   0x0800021a   0x00000002   Code   RO         2655    .ARM.Collect$$rtexit$$00000000  c_w.l(rtexit.o)
    0x0800021c   0x0800021c   0x00000000   Code   RO         2705    .ARM.Collect$$rtexit$$00000002  c_w.l(rtexit2.o)
    0x0800021c   0x0800021c   0x00000004   Code   RO         2706    .ARM.Collect$$rtexit$$00000003  c_w.l(rtexit2.o)
    0x08000220   0x08000220   0x00000006   Code   RO         2707    .ARM.Collect$$rtexit$$00000004  c_w.l(rtexit2.o)
    0x08000226   0x08000226   0x00000002   PAD
    0x08000228   0x08000228   0x00000040   Code   RO          360  * .text               startup_stm32f40_41xxx.o
    0x08000268   0x08000268   0x00000006   Code   RO         2487    .text               c_w.l(heapauxi.o)
    0x0800026e   0x0800026e   0x00000016   Code   RO         2542    .text               c_w.l(_rserrno.o)
    0x08000284   0x08000284   0x00000008   Code   RO         2626    .text               c_w.l(rt_errno_addr_intlibspace.o)
    0x0800028c   0x0800028c   0x00000008   Code   RO         2638    .text               c_w.l(libspace.o)
    0x08000294   0x08000294   0x0000004a   Code   RO         2641    .text               c_w.l(sys_stackheap_outer.o)
    0x080002de   0x080002de   0x00000012   Code   RO         2643    .text               c_w.l(exit.o)
    0x080002f0   0x080002f0   0x0000000c   Code   RO         2715    .text               c_w.l(sys_exit.o)
    0x080002fc   0x080002fc   0x00000002   Code   RO         2726    .text               c_w.l(use_no_semi.o)
    0x080002fe   0x080002fe   0x00000000   Code   RO         2728    .text               c_w.l(indicate_semi.o)
    0x080002fe   0x080002fe   0x00000002   PAD
    0x08000300   0x08000300   0x00000084   Code   RO          189    i.ATD               main.o
    0x08000384   0x08000384   0x00000004   Code   RO            4    i.BusFault_Handler  system_timetick.o
    0x08000388   0x08000388   0x0000002e   Code   RO          190    i.DAC_Ch1_TriangleConfig  main.o
    0x080003b6   0x080003b6   0x00000002   PAD
    0x080003b8   0x080003b8   0x0000007c   Code   RO          191    i.DAC_Ch1_WaveConfig  main.o
    0x08000434   0x08000434   0x0000007c   Code   RO          193    i.DAC_Ch2_WaveConfig  main.o
    0x080004b0   0x080004b0   0x00000028   Code   RO         2370    i.DAC_Cmd           stm32f4xx_dac.o
    0x080004d8   0x080004d8   0x0000002c   Code   RO         2371    i.DAC_DMACmd        stm32f4xx_dac.o
    0x08000504   0x08000504   0x00000016   Code   RO         2372    i.DAC_DeInit        stm32f4xx_dac.o
    0x0800051a   0x0800051a   0x00000002   PAD
    0x0800051c   0x0800051c   0x00000034   Code   RO         2378    i.DAC_Init          stm32f4xx_dac.o
    0x08000550   0x08000550   0x00000020   Code   RO         2380    i.DAC_SetChannel2Data  stm32f4xx_dac.o
    0x08000570   0x08000570   0x00000260   Code   RO          194    i.DMA1_Stream2_IRQHandler  main.o
    0x080007d0   0x080007d0   0x00000034   Code   RO         1855    i.DMA_ClearFlag     stm32f4xx_dma.o
    0x08000804   0x08000804   0x00000034   Code   RO         1856    i.DMA_ClearITPendingBit  stm32f4xx_dma.o
    0x08000838   0x08000838   0x00000016   Code   RO         1857    i.DMA_Cmd           stm32f4xx_dma.o
    0x0800084e   0x0800084e   0x00000002   PAD
    0x08000850   0x08000850   0x00000158   Code   RO         1858    i.DMA_DeInit        stm32f4xx_dma.o
    0x080009a8   0x080009a8   0x00000044   Code   RO         1866    i.DMA_GetFlagStatus  stm32f4xx_dma.o
    0x080009ec   0x080009ec   0x0000003a   Code   RO         1868    i.DMA_ITConfig      stm32f4xx_dma.o
    0x08000a26   0x08000a26   0x00000002   PAD
    0x08000a28   0x08000a28   0x00000058   Code   RO         1869    i.DMA_Init          stm32f4xx_dma.o
    0x08000a80   0x08000a80   0x00000002   Code   RO            5    i.DebugMon_Handler  system_timetick.o
    0x08000a82   0x08000a82   0x00000002   PAD
    0x08000a84   0x08000a84   0x00000040   Code   RO          195    i.Display1          main.o
    0x08000ac4   0x08000ac4   0x00000090   Code   RO          457    i.GPIO_Init         stm32f4xx_gpio.o
    0x08000b54   0x08000b54   0x00000046   Code   RO          458    i.GPIO_PinAFConfig  stm32f4xx_gpio.o
    0x08000b9a   0x08000b9a   0x00000008   Code   RO          467    i.GPIO_ToggleBits   stm32f4xx_gpio.o
    0x08000ba2   0x08000ba2   0x00000004   Code   RO            6    i.HardFault_Handler  system_timetick.o
    0x08000ba6   0x08000ba6   0x00000050   Code   RO          196    i.IntToStr4         main.o
    0x08000bf6   0x08000bf6   0x00000004   Code   RO            7    i.MemManage_Handler  system_timetick.o
    0x08000bfa   0x08000bfa   0x00000002   Code   RO            8    i.NMI_Handler       system_timetick.o
    0x08000bfc   0x08000bfc   0x00000078   Code   RO          408    i.NVIC_Init         misc.o
    0x08000c74   0x08000c74   0x00000002   Code   RO            9    i.PendSV_Handler    system_timetick.o
    0x08000c76   0x08000c76   0x00000002   PAD
    0x08000c78   0x08000c78   0x00000020   Code   RO          672    i.RCC_AHB1PeriphClockCmd  stm32f4xx_rcc.o
    0x08000c98   0x08000c98   0x00000020   Code   RO          681    i.RCC_APB1PeriphClockCmd  stm32f4xx_rcc.o
    0x08000cb8   0x08000cb8   0x00000020   Code   RO          683    i.RCC_APB1PeriphResetCmd  stm32f4xx_rcc.o
    0x08000cd8   0x08000cd8   0x00000020   Code   RO          686    i.RCC_APB2PeriphResetCmd  stm32f4xx_rcc.o
    0x08000cf8   0x08000cf8   0x000000e8   Code   RO          693    i.RCC_GetClocksFreq  stm32f4xx_rcc.o
    0x08000de0   0x08000de0   0x00000002   Code   RO           10    i.SVC_Handler       system_timetick.o
    0x08000de2   0x08000de2   0x00000002   PAD
    0x08000de4   0x08000de4   0x000000ec   Code   RO          367    i.SetSysClock       system_stm32f4xx.o
    0x08000ed0   0x08000ed0   0x0000001c   Code   RO           11    i.SysTick_Handler   system_timetick.o
    0x08000eec   0x08000eec   0x00000068   Code   RO          369    i.SystemInit        system_stm32f4xx.o
    0x08000f54   0x08000f54   0x00000070   Code   RO          197    i.TIM2_Config       main.o
    0x08000fc4   0x08000fc4   0x00000034   Code   RO          198    i.TIM2_IRQHandler   main.o
    0x08000ff8   0x08000ff8   0x00000058   Code   RO          199    i.TIM7_Config       main.o
    0x08001050   0x08001050   0x00000006   Code   RO         1021    i.TIM_ClearITPendingBit  stm32f4xx_tim.o
    0x08001056   0x08001056   0x00000018   Code   RO         1026    i.TIM_Cmd           stm32f4xx_tim.o
    0x0800106e   0x0800106e   0x00000002   PAD
    0x08001070   0x08001070   0x00000190   Code   RO         1031    i.TIM_DeInit        stm32f4xx_tim.o
    0x08001200   0x08001200   0x00000022   Code   RO         1047    i.TIM_GetITStatus   stm32f4xx_tim.o
    0x08001222   0x08001222   0x00000012   Code   RO         1051    i.TIM_ITConfig      stm32f4xx_tim.o
    0x08001234   0x08001234   0x00000012   Code   RO         1084    i.TIM_SelectOutputTrigger  stm32f4xx_tim.o
    0x08001246   0x08001246   0x00000002   PAD
    0x08001248   0x08001248   0x00000084   Code   RO         1098    i.TIM_TimeBaseInit  stm32f4xx_tim.o
    0x080012cc   0x080012cc   0x00000012   Code   RO         1099    i.TIM_TimeBaseStructInit  stm32f4xx_tim.o
    0x080012de   0x080012de   0x00000002   PAD
    0x080012e0   0x080012e0   0x0000002c   Code   RO          200    i.Test_led          main.o
    0x0800130c   0x0800130c   0x000000e4   Code   RO          201    i.UART_Common_Config  main.o
    0x080013f0   0x080013f0   0x00000128   Code   RO          202    i.UART_Rx_Config    main.o
    0x08001518   0x08001518   0x00000018   Code   RO         1667    i.USART_Cmd         stm32f4xx_usart.o
    0x08001530   0x08001530   0x00000012   Code   RO         1668    i.USART_DMACmd      stm32f4xx_usart.o
    0x08001542   0x08001542   0x00000002   PAD
    0x08001544   0x08001544   0x000000d4   Code   RO         1674    i.USART_Init        stm32f4xx_usart.o
    0x08001618   0x08001618   0x00000004   Code   RO           12    i.UsageFault_Handler  system_timetick.o
    0x0800161c   0x0800161c   0x00000030   Code   RO         2580    i.__ARM_fpclassify  m_wm.l(fpclassify.o)
    0x0800164c   0x0800164c   0x00000004   PAD
    0x08001650   0x08001650   0x00000c50   Code   RO         2515    i.__hardfp_pow      m_wm.l(pow.o)
    0x080022a0   0x080022a0   0x000000c8   Code   RO         2529    i.__hardfp_sin      m_wm.l(sin.o)
    0x08002368   0x08002368   0x00000438   Code   RO         2585    i.__ieee754_rem_pio2  m_wm.l(rred.o)
    0x080027a0   0x080027a0   0x00000170   Code   RO         2557    i.__kernel_cos      m_wm.l(cos_i.o)
    0x08002910   0x08002910   0x000000f8   Code   RO         2582    i.__kernel_poly     m_wm.l(poly.o)
    0x08002a08   0x08002a08   0x00000130   Code   RO         2590    i.__kernel_sin      m_wm.l(sin_i.o)
    0x08002b38   0x08002b38   0x00000030   Code   RO         2560    i.__mathlib_dbl_divzero  m_wm.l(dunder.o)
    0x08002b68   0x08002b68   0x00000014   Code   RO         2561    i.__mathlib_dbl_infnan  m_wm.l(dunder.o)
    0x08002b7c   0x08002b7c   0x00000014   Code   RO         2562    i.__mathlib_dbl_infnan2  m_wm.l(dunder.o)
    0x08002b90   0x08002b90   0x00000020   Code   RO         2563    i.__mathlib_dbl_invalid  m_wm.l(dunder.o)
    0x08002bb0   0x08002bb0   0x00000020   Code   RO         2564    i.__mathlib_dbl_overflow  m_wm.l(dunder.o)
    0x08002bd0   0x08002bd0   0x00000020   Code   RO         2566    i.__mathlib_dbl_underflow  m_wm.l(dunder.o)
    0x08002bf0   0x08002bf0   0x00000018   Code   RO         2576    i.fabs              m_wm.l(fabs.o)
    0x08002c08   0x08002c08   0x000000d0   Code   RO          203    i.get_sinvalue_Ch1  main.o
    0x08002cd8   0x08002cd8   0x00000070   Code   RO          205    i.get_srcvalue_Ch1  main.o
    0x08002d48   0x08002d48   0x0000006c   Code   RO          207    i.get_svvalue_Ch1   main.o
    0x08002db4   0x08002db4   0x00000034   Code   RO          209    i.get_wavevalue_Ch2  main.o
    0x08002de8   0x08002de8   0x00000040   Code   RO          210    i.main              main.o
    0x08002e28   0x08002e28   0x0000006e   Code   RO         2598    i.sqrt              m_wm.l(sqrt.o)
    0x08002e96   0x08002e96   0x00000018   Code   RO         2544    x$fpl$basic         fz_wm.l(basic.o)
    0x08002eae   0x08002eae   0x00000002   PAD
    0x08002eb0   0x08002eb0   0x00000150   Code   RO         2491    x$fpl$dadd          fz_wm.l(daddsub_clz.o)
    0x08003000   0x08003000   0x00000010   Code   RO         2628    x$fpl$dcheck1       fz_wm.l(dcheck1.o)
    0x08003010   0x08003010   0x00000018   Code   RO         2651    x$fpl$dcmpinf       fz_wm.l(dcmpi.o)
    0x08003028   0x08003028   0x000002b0   Code   RO         2498    x$fpl$ddiv          fz_wm.l(ddiv.o)
    0x080032d8   0x080032d8   0x0000005e   Code   RO         2630    x$fpl$dfix          fz_wm.l(dfix.o)
    0x08003336   0x08003336   0x00000002   PAD
    0x08003338   0x08003338   0x0000005a   Code   RO         2501    x$fpl$dfixu         fz_wm.l(dfixu.o)
    0x08003392   0x08003392   0x0000002e   Code   RO         2506    x$fpl$dflt          fz_wm.l(dflt_clz.o)
    0x080033c0   0x080033c0   0x00000026   Code   RO         2505    x$fpl$dfltu         fz_wm.l(dflt_clz.o)
    0x080033e6   0x080033e6   0x00000002   PAD
    0x080033e8   0x080033e8   0x00000078   Code   RO         2634    x$fpl$dleqf         fz_wm.l(dleqf.o)
    0x08003460   0x08003460   0x00000154   Code   RO         2511    x$fpl$dmul          fz_wm.l(dmul.o)
    0x080035b4   0x080035b4   0x0000009c   Code   RO         2546    x$fpl$dnaninf       fz_wm.l(dnaninf.o)
    0x08003650   0x08003650   0x0000000c   Code   RO         2548    x$fpl$dretinf       fz_wm.l(dretinf.o)
    0x0800365c   0x0800365c   0x0000006c   Code   RO         2550    x$fpl$drleqf        fz_wm.l(drleqf.o)
    0x080036c8   0x080036c8   0x00000016   Code   RO         2492    x$fpl$drsb          fz_wm.l(daddsub_clz.o)
    0x080036de   0x080036de   0x00000002   PAD
    0x080036e0   0x080036e0   0x00000198   Code   RO         2636    x$fpl$dsqrt         fz_wm.l(dsqrt_umaal.o)
    0x08003878   0x08003878   0x000001d4   Code   RO         2493    x$fpl$dsub          fz_wm.l(daddsub_clz.o)
    0x08003a4c   0x08003a4c   0x00000056   Code   RO         2513    x$fpl$f2d           fz_wm.l(f2d.o)
    0x08003aa2   0x08003aa2   0x0000008c   Code   RO         2552    x$fpl$fnaninf       fz_wm.l(fnaninf.o)
    0x08003b2e   0x08003b2e   0x0000000a   Code   RO         2713    x$fpl$fpinit        fz_wm.l(fpinit.o)
    0x08003b38   0x08003b38   0x00000064   Code   RO         2653    x$fpl$retnan        fz_wm.l(retnan.o)
    0x08003b9c   0x08003b9c   0x0000005c   Code   RO         2554    x$fpl$scalbn        fz_wm.l(scalbn.o)
    0x08003bf8   0x08003bf8   0x00000030   Code   RO         2702    x$fpl$trapveneer    fz_wm.l(trapv.o)
    0x08003c28   0x08003c28   0x00000000   Code   RO         2556    x$fpl$usenofp       fz_wm.l(usenofp.o)
    0x08003c28   0x08003c28   0x00000088   Data   RO         2518    .constdata          m_wm.l(pow.o)
    0x08003cb0   0x08003cb0   0x00000030   Data   RO         2558    .constdata          m_wm.l(cos_i.o)
    0x08003ce0   0x08003ce0   0x00000008   Data   RO         2584    .constdata          m_wm.l(qnan.o)
    0x08003ce8   0x08003ce8   0x000000c8   Data   RO         2587    .constdata          m_wm.l(rred.o)
    0x08003db0   0x08003db0   0x00000028   Data   RO         2591    .constdata          m_wm.l(sin_i.o)
    0x08003dd8   0x08003dd8   0x00000020   Data   RO         2781    Region$$Table       anon$$obj.o


    Execution Region ER_RW (Exec base: 0x20000000, Load base: 0x08003df8, Size: 0x00000038, Max: 0xffffffff, ABSOLUTE)

    Exec Addr    Load Addr    Size         Type   Attr      Idx    E Section Name        Object

    0x20000000   0x08003df8   0x00000008   Data   RW           13    .data               system_timetick.o
    0x20000008   0x08003e00   0x00000020   Data   RW          212    .data               main.o
    0x20000028   0x08003e20   0x00000010   Data   RW          725    .data               stm32f4xx_rcc.o


    Execution Region ER_ZI (Exec base: 0x20000038, Load base: 0x08003e30, Size: 0x00000b50, Max: 0xffffffff, ABSOLUTE)

    Exec Addr    Load Addr    Size         Type   Attr      Idx    E Section Name        Object

    0x20000038        -       0x000004ec   Zero   RW          211    .bss                main.o
    0x20000524        -       0x00000060   Zero   RW         2639    .bss                c_w.l(libspace.o)
    0x20000584   0x08003e30   0x00000004   PAD
    0x20000588        -       0x00000200   Zero   RW          358    HEAP                startup_stm32f40_41xxx.o
    0x20000788        -       0x00000400   Zero   RW          357    STACK               startup_stm32f40_41xxx.o


==============================================================================

Image component sizes


      Code (inc. data)   RO Data    RW Data    ZI Data      Debug   Object Name

      2542        236          0         32       1260      12419   main.o
       120         14          0          0          0       1208   misc.o
        64         26        392          0       1536        912   startup_stm32f40_41xxx.o
       190         24          0          0          0       3809   stm32f4xx_dac.o
       684         68          0          0          0       6117   stm32f4xx_dma.o
       222          0          0          0          0       2581   stm32f4xx_gpio.o
       360         42          0         16          0       5556   stm32f4xx_rcc.o
       650         82          0          0          0       5962   stm32f4xx_tim.o
       254          8          0          0          0       2916   stm32f4xx_usart.o
       340         32          0          0          0       1549   system_stm32f4xx.o
        52         10          0          8          0     313229   system_timetick.o

    ----------------------------------------------------------------------
      5500        542        424         56       2796     356258   Object Totals
         0          0         32          0          0          0   (incl. Generated)
        22          0          0          0          0          0   (incl. Padding)

    ----------------------------------------------------------------------

      Code (inc. data)   RO Data    RW Data    ZI Data      Debug   Library Member Name

         8          0          0          0          0         68   __main.o
         0          0          0          0          0          0   __rtentry.o
        12          0          0          0          0          0   __rtentry2.o
         6          0          0          0          0          0   __rtentry4.o
        52          8          0          0          0          0   __scatter.o
        26          0          0          0          0          0   __scatter_copy.o
        28          0          0          0          0          0   __scatter_zi.o
        22          0          0          0          0        100   _rserrno.o
        18          0          0          0          0         80   exit.o
         6          0          0          0          0        152   heapauxi.o
         0          0          0          0          0          0   indicate_semi.o
         2          0          0          0          0          0   libinit.o
         6          0          0          0          0          0   libinit2.o
         2          0          0          0          0          0   libshutdown.o
         2          0          0          0          0          0   libshutdown2.o
         8          4          0          0         96         68   libspace.o
         8          4          0          0          0         68   rt_errno_addr_intlibspace.o
         2          0          0          0          0          0   rtexit.o
        10          0          0          0          0          0   rtexit2.o
        12          4          0          0          0         68   sys_exit.o
        74          0          0          0          0         80   sys_stackheap_outer.o
         2          0          0          0          0         68   use_no_semi.o
        24          0          0          0          0        164   basic.o
       826         16          0          0          0        492   daddsub_clz.o
        16          4          0          0          0        116   dcheck1.o
        24          0          0          0          0        116   dcmpi.o
       688        140          0          0          0        256   ddiv.o
        94          4          0          0          0        140   dfix.o
        90          4          0          0          0        140   dfixu.o
        84          0          0          0          0        232   dflt_clz.o
       120          4          0          0          0        140   dleqf.o
       340         12          0          0          0        152   dmul.o
       156          4          0          0          0        140   dnaninf.o
        12          0          0          0          0        116   dretinf.o
       108          0          0          0          0        128   drleqf.o
       408         56          0          0          0        168   dsqrt_umaal.o
        86          4          0          0          0        132   f2d.o
       140          4          0          0          0        132   fnaninf.o
        10          0          0          0          0        116   fpinit.o
       100          0          0          0          0        116   retnan.o
        92          0          0          0          0        116   scalbn.o
        48          0          0          0          0        116   trapv.o
         0          0          0          0          0          0   usenofp.o
       368         46         48          0          0        200   cos_i.o
       184         44          0          0          0        744   dunder.o
        24          0          0          0          0        124   fabs.o
        48          0          0          0          0        124   fpclassify.o
       248          0          0          0          0        152   poly.o
      3152        296        136          0          0        352   pow.o
         0          0          8          0          0          0   qnan.o
      1080        142        200          0          0        188   rred.o
       200         20          0          0          0        164   sin.o
       304         24         40          0          0        208   sin_i.o
       110          0          0          0          0        148   sqrt.o

    ----------------------------------------------------------------------
      9508        844        432          0        100       6384   Library Totals
        18          0          0          0          4          0   (incl. Padding)

    ----------------------------------------------------------------------

      Code (inc. data)   RO Data    RW Data    ZI Data      Debug   Library Name

       306         20          0          0         96        752   c_w.l
      3466        252          0          0          0       3228   fz_wm.l
      5718        572        432          0          0       2404   m_wm.l

    ----------------------------------------------------------------------
      9508        844        432          0        100       6384   Library Totals

    ----------------------------------------------------------------------

==============================================================================


      Code (inc. data)   RO Data    RW Data    ZI Data      Debug   

     15008       1386        856         56       2896     353182   Grand Totals
     15008       1386        856         56       2896     353182   ELF Image Totals
     15008       1386        856         56          0          0   ROM Totals

==============================================================================

    Total RO  Size (Code + RO Data)                15864 (  15.49kB)
    Total RW  Size (RW Data + ZI Data)              2952 (   2.88kB)
    Total ROM Size (Code + RO Data + RW Data)      15920 (  15.55kB)

==============================================================================

